Last login: Thu Jun  5 19:57:58 on ttys037
andysanmartin@MacBook-Air-de-Andy-3 ~ % ssh cropwise@172.22.0.240
The authenticity of host '172.22.0.240 (172.22.0.240)' can't be established.
ED25519 key fingerprint is SHA256:LUYDoro8hrZXHXrk2i+WnbJz6IUzZ6fE3/+IJrRVMOI.
This key is not known by any other names.
Are you sure you want to continue connecting (yes/no/[fingerprint])? yes
Warning: Permanently added '172.22.0.240' (ED25519) to the list of known hosts.
cropwise@172.22.0.240's password: 
Linux front1 6.1.0-34-amd64 #1 SMP PREEMPT_DYNAMIC Debian 6.1.135-1 (2025-04-25) x86_64

The programs included with the Debian GNU/Linux system are free software;
the exact distribution terms for each program are described in the
individual files in /usr/share/doc/*/copyright.

Debian GNU/Linux comes with ABSOLUTELY NO WARRANTY, to the extent
permitted by applicable law.
cropwise@front1:~$ hostname flask1
hostname: you must be root to change the host name
cropwise@front1:~$ sudo hostname flask1
cropwise@front1:~$ 
logout
Connection to 172.22.0.240 closed.
andysanmartin@MacBook-Air-de-Andy-3 ~ % ssh cropwise@172.22.0.240
cropwise@172.22.0.240's password: 
Linux flask1 6.1.0-34-amd64 #1 SMP PREEMPT_DYNAMIC Debian 6.1.135-1 (2025-04-25) x86_64

The programs included with the Debian GNU/Linux system are free software;
the exact distribution terms for each program are described in the
individual files in /usr/share/doc/*/copyright.

Debian GNU/Linux comes with ABSOLUTELY NO WARRANTY, to the extent
permitted by applicable law.
Last login: Fri Jun  6 02:05:27 2025 from 192.168.200.109
cropwise@flask1:~$ sudo apt update && sudo apt upgrade -y
Get:1 file:/etc/apt/mirrors/debian.list Mirrorlist [30 B]
Get:5 file:/etc/apt/mirrors/debian-security.list Mirrorlist [39 B]
Get:2 https://deb.debian.org/debian bookworm InRelease [151 kB]
Get:3 https://deb.debian.org/debian bookworm-updates InRelease [55.4 kB]
Get:4 https://deb.debian.org/debian bookworm-backports InRelease [59.4 kB]
Get:6 https://deb.debian.org/debian-security bookworm-security InRelease [48.0 kB]
Get:7 https://deb.debian.org/debian bookworm/main Sources [9494 kB]
Get:8 https://deb.debian.org/debian bookworm/main amd64 Packages [8793 kB]
Get:9 https://deb.debian.org/debian bookworm/main Translation-en [6109 kB]
Get:10 https://deb.debian.org/debian bookworm-updates/main Sources [796 B]
Get:11 https://deb.debian.org/debian bookworm-updates/main amd64 Packages [512 B]
Get:12 https://deb.debian.org/debian bookworm-updates/main Translation-en [360 B]
Get:13 https://deb.debian.org/debian bookworm-backports/main Sources [283 kB]
Get:14 https://deb.debian.org/debian bookworm-backports/main amd64 Packages [288 kB]
Get:15 https://deb.debian.org/debian bookworm-backports/main Translation-en [246 kB]
Get:16 https://deb.debian.org/debian-security bookworm-security/main Sources [137 kB]
Get:17 https://deb.debian.org/debian-security bookworm-security/main amd64 Packages [265 kB]
Get:18 https://deb.debian.org/debian-security bookworm-security/main Translation-en [161 kB]
Fetched 26.1 MB in 32s (822 kB/s)       
Reading package lists... Done
Building dependency tree... Done
Reading state information... Done
39 packages can be upgraded. Run 'apt list --upgradable' to see them.
Reading package lists... Done
Building dependency tree... Done
Reading state information... Done
Calculating upgrade... Done
The following NEW packages will be installed:
  firmware-linux-free linux-image-6.1.0-37-amd64
The following packages will be upgraded:
  base-files bash debian-archive-keyring distro-info-data gcc-12-base
  initramfs-tools initramfs-tools-core libcap2 libcap2-bin libgcc-s1
  libglib2.0-0 libgssapi-krb5-2 libk5crypto3 libkrb5-3 libkrb5support0
  libnss-myhostname libpam-systemd libpython3.11-minimal libpython3.11-stdlib
  libssl3 libstdc++6 libsystemd-shared libsystemd0 libudev1 linux-image-amd64
  login openssh-client openssh-server openssh-sftp-server openssl passwd
  python3.11 python3.11-minimal qemu-utils systemd systemd-resolved
  systemd-sysv systemd-timesyncd udev
39 upgraded, 2 newly installed, 0 to remove and 0 not upgraded.
Need to get 94.4 MB of archives.
After this operation, 409 MB of additional disk space will be used.
Get:1 file:/etc/apt/mirrors/debian.list Mirrorlist [30 B]
Get:7 file:/etc/apt/mirrors/debian-security.list Mirrorlist [39 B]
Get:2 https://deb.debian.org/debian bookworm/main amd64 base-files amd64 12.4+deb12u11 [70.9 kB]
Get:3 https://deb.debian.org/debian bookworm/main amd64 bash amd64 5.2.15-2+b8 [1491 kB]
Get:4 https://deb.debian.org/debian bookworm/main amd64 login amd64 1:4.13+dfsg1-1+deb12u1 [616 kB]
Get:5 https://deb.debian.org/debian bookworm/main amd64 libssl3 amd64 3.0.16-1~deb12u1 [2026 kB]
Get:6 https://deb.debian.org/debian bookworm/main amd64 libcap2 amd64 1:2.66-4+deb12u1 [27.2 kB]
Get:8 https://deb.debian.org/debian bookworm/main amd64 passwd amd64 1:4.13+dfsg1-1+deb12u1 [972 kB]
Get:9 https://deb.debian.org/debian bookworm/main amd64 libgssapi-krb5-2 amd64 1.20.1-2+deb12u3 [135 kB]
Get:10 https://deb.debian.org/debian bookworm/main amd64 libkrb5-3 amd64 1.20.1-2+deb12u3 [332 kB]
Get:11 https://deb.debian.org/debian-security bookworm-security/main amd64 systemd-timesyncd amd64 252.38-1~deb12u1 [63.6 kB]
Get:12 https://deb.debian.org/debian-security bookworm-security/main amd64 libpam-systemd amd64 252.38-1~deb12u1 [225 kB]
Get:13 https://deb.debian.org/debian-security bookworm-security/main amd64 systemd amd64 252.38-1~deb12u1 [3043 kB]
Get:14 https://deb.debian.org/debian-security bookworm-security/main amd64 systemd-resolved amd64 252.38-1~deb12u1 [308 kB]
Get:15 https://deb.debian.org/debian-security bookworm-security/main amd64 libsystemd-shared amd64 252.38-1~deb12u1 [1695 kB]
Get:16 https://deb.debian.org/debian-security bookworm-security/main amd64 systemd-sysv amd64 252.38-1~deb12u1 [42.6 kB]
Get:17 https://deb.debian.org/debian-security bookworm-security/main amd64 libsystemd0 amd64 252.38-1~deb12u1 [333 kB]
Get:18 https://deb.debian.org/debian bookworm/main amd64 libkrb5support0 amd64 1.20.1-2+deb12u3 [32.8 kB]
Get:19 https://deb.debian.org/debian bookworm/main amd64 libk5crypto3 amd64 1.20.1-2+deb12u3 [78.9 kB]
Get:20 https://deb.debian.org/debian bookworm/main amd64 openssh-sftp-server amd64 1:9.2p1-2+deb12u6 [65.8 kB]
Get:21 https://deb.debian.org/debian bookworm/main amd64 openssh-server amd64 1:9.2p1-2+deb12u6 [457 kB]
Get:22 https://deb.debian.org/debian bookworm/main amd64 openssh-client amd64 1:9.2p1-2+deb12u6 [992 kB]
Get:23 https://deb.debian.org/debian bookworm/main amd64 python3.11 amd64 3.11.2-6+deb12u6 [573 kB]
Get:24 https://deb.debian.org/debian bookworm/main amd64 libpython3.11-stdlib amd64 3.11.2-6+deb12u6 [1798 kB]
Get:25 https://deb.debian.org/debian bookworm/main amd64 python3.11-minimal amd64 3.11.2-6+deb12u6 [2064 kB]
Get:26 https://deb.debian.org/debian bookworm/main amd64 libpython3.11-minimal amd64 3.11.2-6+deb12u6 [817 kB]
Get:27 https://deb.debian.org/debian bookworm/main amd64 debian-archive-keyring all 2023.3+deb12u2 [179 kB]
Get:28 https://deb.debian.org/debian bookworm/main amd64 gcc-12-base amd64 12.2.0-14+deb12u1 [37.6 kB]
Get:29 https://deb.debian.org/debian bookworm/main amd64 libstdc++6 amd64 12.2.0-14+deb12u1 [613 kB]
Get:30 https://deb.debian.org/debian bookworm/main amd64 libgcc-s1 amd64 12.2.0-14+deb12u1 [49.9 kB]
Get:31 https://deb.debian.org/debian-security bookworm-security/main amd64 udev amd64 252.38-1~deb12u1 [1705 kB]
Get:32 https://deb.debian.org/debian-security bookworm-security/main amd64 libudev1 amd64 252.38-1~deb12u1 [109 kB]
Get:33 https://deb.debian.org/debian bookworm/main amd64 distro-info-data all 0.58+deb12u4 [6360 B]
Get:34 https://deb.debian.org/debian bookworm/main amd64 firmware-linux-free all 20200122-1 [24.2 kB]
Get:35 https://deb.debian.org/debian bookworm/main amd64 initramfs-tools all 0.142+deb12u3 [16.0 kB]
Get:36 https://deb.debian.org/debian bookworm/main amd64 initramfs-tools-core all 0.142+deb12u3 [48.3 kB]
Get:37 https://deb.debian.org/debian bookworm/main amd64 libcap2-bin amd64 1:2.66-4+deb12u1 [34.8 kB]
Get:38 https://deb.debian.org/debian bookworm/main amd64 libglib2.0-0 amd64 2.74.6-2+deb12u6 [1400 kB]
Get:39 https://deb.debian.org/debian-security bookworm-security/main amd64 libnss-myhostname amd64 252.38-1~deb12u1 [84.8 kB]
Get:40 https://deb.debian.org/debian-security bookworm-security/main amd64 linux-image-6.1.0-37-amd64 amd64 6.1.140-1 [69.1 MB]
Get:41 https://deb.debian.org/debian-security bookworm-security/main amd64 linux-image-amd64 amd64 6.1.140-1 [1476 B]
Get:42 https://deb.debian.org/debian bookworm/main amd64 openssl amd64 3.0.16-1~deb12u1 [1427 kB]
Get:43 https://deb.debian.org/debian bookworm/main amd64 qemu-utils amd64 1:7.2+dfsg-7+deb12u13 [1289 kB]
Fetched 94.4 MB in 41s (2297 kB/s)                                             
apt-listchanges: Reading changelogs...
Extracting templates from packages: 100%
Preconfiguring packages ...
(Reading database ... 24346 files and directories currently installed.)
Preparing to unpack .../base-files_12.4+deb12u11_amd64.deb ...
Unpacking base-files (12.4+deb12u11) over (12.4+deb12u10) ...
Setting up base-files (12.4+deb12u11) ...
Installing new version of config file /etc/debian_version ...
(Reading database ... 24346 files and directories currently installed.)
Preparing to unpack .../bash_5.2.15-2+b8_amd64.deb ...
Unpacking bash (5.2.15-2+b8) over (5.2.15-2+b7) ...
Setting up bash (5.2.15-2+b8) ...
update-alternatives: using /usr/share/man/man7/bash-builtins.7.gz to provide /usr/share/man/man7/builtins.7.gz (builtins.7.gz) in auto mode
(Reading database ... 24346 files and directories currently installed.)
Preparing to unpack .../login_1%3a4.13+dfsg1-1+deb12u1_amd64.deb ...
Unpacking login (1:4.13+dfsg1-1+deb12u1) over (1:4.13+dfsg1-1+b1) ...
Setting up login (1:4.13+dfsg1-1+deb12u1) ...
(Reading database ... 24345 files and directories currently installed.)
Preparing to unpack .../libssl3_3.0.16-1~deb12u1_amd64.deb ...
Unpacking libssl3:amd64 (3.0.16-1~deb12u1) over (3.0.15-1~deb12u1) ...
Preparing to unpack .../systemd-timesyncd_252.38-1~deb12u1_amd64.deb ...
Unpacking systemd-timesyncd (252.38-1~deb12u1) over (252.36-1~deb12u1) ...
Preparing to unpack .../libpam-systemd_252.38-1~deb12u1_amd64.deb ...
Unpacking libpam-systemd:amd64 (252.38-1~deb12u1) over (252.36-1~deb12u1) ...
Setting up libssl3:amd64 (3.0.16-1~deb12u1) ...
(Reading database ... 24345 files and directories currently installed.)
Preparing to unpack .../systemd_252.38-1~deb12u1_amd64.deb ...
Unpacking systemd (252.38-1~deb12u1) over (252.36-1~deb12u1) ...
Preparing to unpack .../systemd-resolved_252.38-1~deb12u1_amd64.deb ...
Unpacking systemd-resolved (252.38-1~deb12u1) over (252.36-1~deb12u1) ...
Preparing to unpack .../libcap2_1%3a2.66-4+deb12u1_amd64.deb ...
Unpacking libcap2:amd64 (1:2.66-4+deb12u1) over (1:2.66-4) ...
Setting up libcap2:amd64 (1:2.66-4+deb12u1) ...
(Reading database ... 24346 files and directories currently installed.)
Preparing to unpack .../libsystemd-shared_252.38-1~deb12u1_amd64.deb ...
Unpacking libsystemd-shared:amd64 (252.38-1~deb12u1) over (252.36-1~deb12u1) ...
Preparing to unpack .../libsystemd0_252.38-1~deb12u1_amd64.deb ...
Unpacking libsystemd0:amd64 (252.38-1~deb12u1) over (252.36-1~deb12u1) ...
Setting up libsystemd0:amd64 (252.38-1~deb12u1) ...
Setting up libsystemd-shared:amd64 (252.38-1~deb12u1) ...
Setting up systemd (252.38-1~deb12u1) ...
(Reading database ... 24346 files and directories currently installed.)
Preparing to unpack .../systemd-sysv_252.38-1~deb12u1_amd64.deb ...
Unpacking systemd-sysv (252.38-1~deb12u1) over (252.36-1~deb12u1) ...
Preparing to unpack .../passwd_1%3a4.13+dfsg1-1+deb12u1_amd64.deb ...
Unpacking passwd (1:4.13+dfsg1-1+deb12u1) over (1:4.13+dfsg1-1+b1) ...
Setting up passwd (1:4.13+dfsg1-1+deb12u1) ...
(Reading database ... 24345 files and directories currently installed.)
Preparing to unpack .../00-libgssapi-krb5-2_1.20.1-2+deb12u3_amd64.deb ...
Unpacking libgssapi-krb5-2:amd64 (1.20.1-2+deb12u3) over (1.20.1-2+deb12u2) ...
Preparing to unpack .../01-libkrb5-3_1.20.1-2+deb12u3_amd64.deb ...
Unpacking libkrb5-3:amd64 (1.20.1-2+deb12u3) over (1.20.1-2+deb12u2) ...
Preparing to unpack .../02-libkrb5support0_1.20.1-2+deb12u3_amd64.deb ...
Unpacking libkrb5support0:amd64 (1.20.1-2+deb12u3) over (1.20.1-2+deb12u2) ...
Preparing to unpack .../03-libk5crypto3_1.20.1-2+deb12u3_amd64.deb ...
Unpacking libk5crypto3:amd64 (1.20.1-2+deb12u3) over (1.20.1-2+deb12u2) ...
Preparing to unpack .../04-openssh-sftp-server_1%3a9.2p1-2+deb12u6_amd64.deb ...
Unpacking openssh-sftp-server (1:9.2p1-2+deb12u6) over (1:9.2p1-2+deb12u5) ...
Preparing to unpack .../05-openssh-server_1%3a9.2p1-2+deb12u6_amd64.deb ...
Unpacking openssh-server (1:9.2p1-2+deb12u6) over (1:9.2p1-2+deb12u5) ...
Preparing to unpack .../06-openssh-client_1%3a9.2p1-2+deb12u6_amd64.deb ...
Unpacking openssh-client (1:9.2p1-2+deb12u6) over (1:9.2p1-2+deb12u5) ...
Preparing to unpack .../07-python3.11_3.11.2-6+deb12u6_amd64.deb ...
Unpacking python3.11 (3.11.2-6+deb12u6) over (3.11.2-6+deb12u5) ...
Preparing to unpack .../08-libpython3.11-stdlib_3.11.2-6+deb12u6_amd64.deb ...
Unpacking libpython3.11-stdlib:amd64 (3.11.2-6+deb12u6) over (3.11.2-6+deb12u5) ...
Preparing to unpack .../09-python3.11-minimal_3.11.2-6+deb12u6_amd64.deb ...
Unpacking python3.11-minimal (3.11.2-6+deb12u6) over (3.11.2-6+deb12u5) ...
Preparing to unpack .../10-libpython3.11-minimal_3.11.2-6+deb12u6_amd64.deb ...
Unpacking libpython3.11-minimal:amd64 (3.11.2-6+deb12u6) over (3.11.2-6+deb12u5) ...
Preparing to unpack .../11-debian-archive-keyring_2023.3+deb12u2_all.deb ...
Unpacking debian-archive-keyring (2023.3+deb12u2) over (2023.3+deb12u1) ...
Setting up debian-archive-keyring (2023.3+deb12u2) ...
Removing obsolete conffile /etc/apt/trusted.gpg.d/debian-archive-buster-stable.asc ...
Removing obsolete conffile /etc/apt/trusted.gpg.d/debian-archive-buster-security-automatic.asc ...
Removing obsolete conffile /etc/apt/trusted.gpg.d/debian-archive-buster-automatic.asc ...
(Reading database ... 24345 files and directories currently installed.)
Preparing to unpack .../gcc-12-base_12.2.0-14+deb12u1_amd64.deb ...
Unpacking gcc-12-base:amd64 (12.2.0-14+deb12u1) over (12.2.0-14) ...
Setting up gcc-12-base:amd64 (12.2.0-14+deb12u1) ...
(Reading database ... 24345 files and directories currently installed.)
Preparing to unpack .../libstdc++6_12.2.0-14+deb12u1_amd64.deb ...
Unpacking libstdc++6:amd64 (12.2.0-14+deb12u1) over (12.2.0-14) ...
Setting up libstdc++6:amd64 (12.2.0-14+deb12u1) ...
(Reading database ... 24345 files and directories currently installed.)
Preparing to unpack .../libgcc-s1_12.2.0-14+deb12u1_amd64.deb ...
Unpacking libgcc-s1:amd64 (12.2.0-14+deb12u1) over (12.2.0-14) ...
Setting up libgcc-s1:amd64 (12.2.0-14+deb12u1) ...
(Reading database ... 24345 files and directories currently installed.)
Preparing to unpack .../udev_252.38-1~deb12u1_amd64.deb ...
Unpacking udev (252.38-1~deb12u1) over (252.36-1~deb12u1) ...
Preparing to unpack .../libudev1_252.38-1~deb12u1_amd64.deb ...
Unpacking libudev1:amd64 (252.38-1~deb12u1) over (252.36-1~deb12u1) ...
Setting up libudev1:amd64 (252.38-1~deb12u1) ...
(Reading database ... 24345 files and directories currently installed.)
Preparing to unpack .../00-distro-info-data_0.58+deb12u4_all.deb ...
Unpacking distro-info-data (0.58+deb12u4) over (0.58+deb12u3) ...
Selecting previously unselected package firmware-linux-free.
Preparing to unpack .../01-firmware-linux-free_20200122-1_all.deb ...
Unpacking firmware-linux-free (20200122-1) ...
Preparing to unpack .../02-initramfs-tools_0.142+deb12u3_all.deb ...
Unpacking initramfs-tools (0.142+deb12u3) over (0.142+deb12u1) ...
Preparing to unpack .../03-initramfs-tools-core_0.142+deb12u3_all.deb ...
Unpacking initramfs-tools-core (0.142+deb12u3) over (0.142+deb12u1) ...
Preparing to unpack .../04-libcap2-bin_1%3a2.66-4+deb12u1_amd64.deb ...
Unpacking libcap2-bin (1:2.66-4+deb12u1) over (1:2.66-4) ...
Preparing to unpack .../05-libglib2.0-0_2.74.6-2+deb12u6_amd64.deb ...
Unpacking libglib2.0-0:amd64 (2.74.6-2+deb12u6) over (2.74.6-2+deb12u5) ...
Preparing to unpack .../06-libnss-myhostname_252.38-1~deb12u1_amd64.deb ...
Unpacking libnss-myhostname:amd64 (252.38-1~deb12u1) over (252.36-1~deb12u1) ...
Selecting previously unselected package linux-image-6.1.0-37-amd64.
Preparing to unpack .../07-linux-image-6.1.0-37-amd64_6.1.140-1_amd64.deb ...
Unpacking linux-image-6.1.0-37-amd64 (6.1.140-1) ...
Preparing to unpack .../08-linux-image-amd64_6.1.140-1_amd64.deb ...
Unpacking linux-image-amd64 (6.1.140-1) over (6.1.135-1) ...
Preparing to unpack .../09-openssl_3.0.16-1~deb12u1_amd64.deb ...
Unpacking openssl (3.0.16-1~deb12u1) over (3.0.15-1~deb12u1) ...
Preparing to unpack .../10-qemu-utils_1%3a7.2+dfsg-7+deb12u13_amd64.deb ...
Unpacking qemu-utils (1:7.2+dfsg-7+deb12u13) over (1:7.2+dfsg-7+deb12u12) ...
Setting up systemd-sysv (252.38-1~deb12u1) ...
Setting up firmware-linux-free (20200122-1) ...
Setting up libglib2.0-0:amd64 (2.74.6-2+deb12u6) ...
No schema files found: doing nothing.
Setting up distro-info-data (0.58+deb12u4) ...
Setting up libkrb5support0:amd64 (1.20.1-2+deb12u3) ...
Setting up libcap2-bin (1:2.66-4+deb12u1) ...
Setting up systemd-timesyncd (252.38-1~deb12u1) ...
Setting up udev (252.38-1~deb12u1) ...
Setting up libnss-myhostname:amd64 (252.38-1~deb12u1) ...
Setting up libk5crypto3:amd64 (1.20.1-2+deb12u3) ...
Setting up libpam-systemd:amd64 (252.38-1~deb12u1) ...
Setting up libkrb5-3:amd64 (1.20.1-2+deb12u3) ...
Setting up libpython3.11-minimal:amd64 (3.11.2-6+deb12u6) ...
Setting up qemu-utils (1:7.2+dfsg-7+deb12u13) ...
Setting up initramfs-tools-core (0.142+deb12u3) ...
Setting up openssl (3.0.16-1~deb12u1) ...
Setting up systemd-resolved (252.38-1~deb12u1) ...
Setting up python3.11-minimal (3.11.2-6+deb12u6) ...
Setting up initramfs-tools (0.142+deb12u3) ...
update-initramfs: deferring update (trigger activated)
Setting up libpython3.11-stdlib:amd64 (3.11.2-6+deb12u6) ...
Setting up libgssapi-krb5-2:amd64 (1.20.1-2+deb12u3) ...
Setting up linux-image-6.1.0-37-amd64 (6.1.140-1) ...
/etc/kernel/postinst.d/initramfs-tools:
update-initramfs: Generating /boot/initrd.img-6.1.0-37-amd64
/etc/kernel/postinst.d/zz-update-grub:
Generating grub configuration file ...
Found linux image: /boot/vmlinuz-6.1.0-37-amd64
Found initrd image: /boot/initrd.img-6.1.0-37-amd64
Found linux image: /boot/vmlinuz-6.1.0-34-amd64
Found initrd image: /boot/initrd.img-6.1.0-34-amd64
done
Setting up python3.11 (3.11.2-6+deb12u6) ...
Setting up openssh-client (1:9.2p1-2+deb12u6) ...
Setting up linux-image-amd64 (6.1.140-1) ...
Setting up openssh-sftp-server (1:9.2p1-2+deb12u6) ...
Setting up openssh-server (1:9.2p1-2+deb12u6) ...
Replacing config file /etc/ssh/sshd_config with new version
rescue-ssh.target is a disabled or a static unit not running, not starting it.
ssh.socket is a disabled or a static unit not running, not starting it.
Processing triggers for systemd (252.38-1~deb12u1) ...
Processing triggers for man-db (2.11.2-2) ...
Processing triggers for dbus (1.14.10-1~deb12u1) ...
Processing triggers for debianutils (5.7-0.5~deb12u1) ...
Processing triggers for libc-bin (2.36-9+deb12u10) ...
Processing triggers for initramfs-tools (0.142+deb12u3) ...
update-initramfs: Generating /boot/initrd.img-6.1.0-37-amd64
cropwise@flask1:~$ python3
Python 3.11.2 (main, Apr 28 2025, 14:11:48) [GCC 12.2.0] on linux
Type "help", "copyright", "credits" or "license" for more information.
>>> 
cropwise@flask1:~$ sudo apt install -y git
Reading package lists... Done
Building dependency tree... Done
Reading state information... Done
The following additional packages will be installed:
  git-man liberror-perl libgdbm-compat4 libperl5.36 patch perl
  perl-modules-5.36
Suggested packages:
  git-daemon-run | git-daemon-sysvinit git-doc git-email git-gui gitk gitweb
  git-cvs git-mediawiki git-svn ed diffutils-doc perl-doc
  libterm-readline-gnu-perl | libterm-readline-perl-perl make
  libtap-harness-archive-perl
The following NEW packages will be installed:
  git git-man liberror-perl libgdbm-compat4 libperl5.36 patch perl
  perl-modules-5.36
0 upgraded, 8 newly installed, 0 to remove and 0 not upgraded.
Need to get 16.8 MB of archives.
After this operation, 97.0 MB of additional disk space will be used.
Get:1 file:/etc/apt/mirrors/debian.list Mirrorlist [30 B]
Get:2 https://deb.debian.org/debian bookworm/main amd64 perl-modules-5.36 all 5.36.0-7+deb12u2 [2815 kB]
Get:3 https://deb.debian.org/debian bookworm/main amd64 libgdbm-compat4 amd64 1.23-3 [48.2 kB]
Get:4 https://deb.debian.org/debian bookworm/main amd64 libperl5.36 amd64 5.36.0-7+deb12u2 [4207 kB]
Get:5 https://deb.debian.org/debian bookworm/main amd64 perl amd64 5.36.0-7+deb12u2 [239 kB]
Get:6 https://deb.debian.org/debian bookworm/main amd64 liberror-perl all 0.17029-2 [29.0 kB]
Get:7 https://deb.debian.org/debian bookworm/main amd64 git-man all 1:2.39.5-0+deb12u2 [2053 kB]
Get:8 https://deb.debian.org/debian bookworm/main amd64 git amd64 1:2.39.5-0+deb12u2 [7260 kB]
Get:9 https://deb.debian.org/debian bookworm/main amd64 patch amd64 2.7.6-7 [128 kB]
Fetched 16.8 MB in 2s (7852 kB/s)
Selecting previously unselected package perl-modules-5.36.
(Reading database ... 29315 files and directories currently installed.)
Preparing to unpack .../0-perl-modules-5.36_5.36.0-7+deb12u2_all.deb ...
Unpacking perl-modules-5.36 (5.36.0-7+deb12u2) ...
Selecting previously unselected package libgdbm-compat4:amd64.
Preparing to unpack .../1-libgdbm-compat4_1.23-3_amd64.deb ...
Unpacking libgdbm-compat4:amd64 (1.23-3) ...
Selecting previously unselected package libperl5.36:amd64.
Preparing to unpack .../2-libperl5.36_5.36.0-7+deb12u2_amd64.deb ...
Unpacking libperl5.36:amd64 (5.36.0-7+deb12u2) ...
Selecting previously unselected package perl.
Preparing to unpack .../3-perl_5.36.0-7+deb12u2_amd64.deb ...
Unpacking perl (5.36.0-7+deb12u2) ...
Selecting previously unselected package liberror-perl.
Preparing to unpack .../4-liberror-perl_0.17029-2_all.deb ...
Unpacking liberror-perl (0.17029-2) ...
Selecting previously unselected package git-man.
Preparing to unpack .../5-git-man_1%3a2.39.5-0+deb12u2_all.deb ...
Unpacking git-man (1:2.39.5-0+deb12u2) ...
Selecting previously unselected package git.
Preparing to unpack .../6-git_1%3a2.39.5-0+deb12u2_amd64.deb ...
Unpacking git (1:2.39.5-0+deb12u2) ...
Selecting previously unselected package patch.
Preparing to unpack .../7-patch_2.7.6-7_amd64.deb ...
Unpacking patch (2.7.6-7) ...
Setting up perl-modules-5.36 (5.36.0-7+deb12u2) ...
Setting up patch (2.7.6-7) ...
Setting up libgdbm-compat4:amd64 (1.23-3) ...
Setting up git-man (1:2.39.5-0+deb12u2) ...
Setting up libperl5.36:amd64 (5.36.0-7+deb12u2) ...
Setting up perl (5.36.0-7+deb12u2) ...
Setting up liberror-perl (0.17029-2) ...
Setting up git (1:2.39.5-0+deb12u2) ...
Processing triggers for man-db (2.11.2-2) ...
Processing triggers for libc-bin (2.36-9+deb12u10) ...
cropwise@flask1:~$ git clone https://github.com/SamCF21/assessment.git
Cloning into 'assessment'...
remote: Enumerating objects: 18253, done.
remote: Counting objects: 100% (149/149), done.
remote: Compressing objects: 100% (106/106), done.
remote: Total 18253 (delta 57), reused 114 (delta 33), pack-reused 18104 (from 3)
Receiving objects: 100% (18253/18253), 82.29 MiB | 4.75 MiB/s, done.
Resolving deltas: 100% (5579/5579), done.
cropwise@flask1:~$ ip addr
1: lo: <LOOPBACK,UP,LOWER_UP> mtu 65536 qdisc noqueue state UNKNOWN group default qlen 1000
    link/loopback 00:00:00:00:00:00 brd 00:00:00:00:00:00
    inet 127.0.0.1/8 scope host lo
       valid_lft forever preferred_lft forever
    inet6 ::1/128 scope host noprefixroute 
       valid_lft forever preferred_lft forever
2: ens3: <BROADCAST,MULTICAST,UP,LOWER_UP> mtu 1500 qdisc fq_codel state UP group default qlen 1000
    link/ether fa:16:3e:1a:7d:a0 brd ff:ff:ff:ff:ff:ff
    altname enp0s3
    inet 172.22.0.240/24 metric 100 brd 172.22.0.255 scope global dynamic ens3
       valid_lft 85570sec preferred_lft 85570sec
    inet6 fe80::f816:3eff:fe1a:7da0/64 scope link 
       valid_lft forever preferred_lft forever
cropwise@flask1:~$ ls
assessment
cropwise@flask1:~$ cd assessment/
cropwise@flask1:~/assessment$ ls
Backend  Documentación  FrontEnd  README.md
cropwise@flask1:~/assessment$ cd Backend/
cropwise@flask1:~/assessment/Backend$ ls
 2_6croprecommendation.py   crop_classifier_db.sql   load_trained_weights.py
 Crop_recommendation.csv   'db first diagram.pdf'    modelo_crop_api.pkl
 api_mysql.py               db_integration.py
cropwise@flask1:~/assessment/Backend$ vim api_mysql.py 
cropwise@flask1:~/assessment/Backend$ ls
 2_6croprecommendation.py   crop_classifier_db.sql   load_trained_weights.py
 Crop_recommendation.csv   'db first diagram.pdf'    modelo_crop_api.pkl
 api_mysql.py               db_integration.py
cropwise@flask1:~/assessment/Backend$ python3 api_mysql.py 
Traceback (most recent call last):
  File "/home/cropwise/assessment/Backend/api_mysql.py", line 1, in <module>
    from flask import Flask, request, jsonify
ModuleNotFoundError: No module named 'flask'
cropwise@flask1:~/assessment/Backend$ pip install -r requirements.txt
-bash: pip: command not found
cropwise@flask1:~/assessment/Backend$ pip install -r requireme^Cs.txt
cropwise@flask1:~/assessment/Backend$ python3 -m venv venv
The virtual environment was not created successfully because ensurepip is not
available.  On Debian/Ubuntu systems, you need to install the python3-venv
package using the following command.

    apt install python3.11-venv

You may need to use sudo with that command.  After installing the python3-venv
package, recreate your virtual environment.

Failing command: /home/cropwise/assessment/Backend/venv/bin/python3

cropwise@flask1:~/assessment/Backend$ sudo apt install python3.11-venv
Reading package lists... Done
Building dependency tree... Done
Reading state information... Done
The following additional packages will be installed:
  python3-distutils python3-lib2to3 python3-pip-whl python3-setuptools-whl
The following NEW packages will be installed:
  python3-distutils python3-lib2to3 python3-pip-whl python3-setuptools-whl
  python3.11-venv
0 upgraded, 5 newly installed, 0 to remove and 0 not upgraded.
Need to get 3042 kB of archives.
After this operation, 4192 kB of additional disk space will be used.
Do you want to continue? [Y/n] 
Get:1 file:/etc/apt/mirrors/debian.list Mirrorlist [30 B]
Get:2 https://deb.debian.org/debian bookworm/main amd64 python3-lib2to3 all 3.11.2-3 [76.3 kB]
Get:3 https://deb.debian.org/debian bookworm/main amd64 python3-distutils all 3.11.2-3 [131 kB]
Get:4 https://deb.debian.org/debian bookworm/main amd64 python3-pip-whl all 23.0.1+dfsg-1 [1717 kB]
Get:5 https://deb.debian.org/debian bookworm/main amd64 python3-setuptools-whl all 66.1.1-1+deb12u1 [1112 kB]
Get:6 https://deb.debian.org/debian bookworm/main amd64 python3.11-venv amd64 3.11.2-6+deb12u6 [5896 B]
Fetched 3042 kB in 1s (3441 kB/s)    
Selecting previously unselected package python3-lib2to3.
(Reading database ... 32432 files and directories currently installed.)
Preparing to unpack .../python3-lib2to3_3.11.2-3_all.deb ...
Unpacking python3-lib2to3 (3.11.2-3) ...
Selecting previously unselected package python3-distutils.
Preparing to unpack .../python3-distutils_3.11.2-3_all.deb ...
Unpacking python3-distutils (3.11.2-3) ...
Selecting previously unselected package python3-pip-whl.
Preparing to unpack .../python3-pip-whl_23.0.1+dfsg-1_all.deb ...
Unpacking python3-pip-whl (23.0.1+dfsg-1) ...
Selecting previously unselected package python3-setuptools-whl.
Preparing to unpack .../python3-setuptools-whl_66.1.1-1+deb12u1_all.deb ...
Unpacking python3-setuptools-whl (66.1.1-1+deb12u1) ...
Selecting previously unselected package python3.11-venv.
Preparing to unpack .../python3.11-venv_3.11.2-6+deb12u6_amd64.deb ...
Unpacking python3.11-venv (3.11.2-6+deb12u6) ...
Setting up python3-setuptools-whl (66.1.1-1+deb12u1) ...
Setting up python3-pip-whl (23.0.1+dfsg-1) ...
Setting up python3-lib2to3 (3.11.2-3) ...
Setting up python3-distutils (3.11.2-3) ...
Setting up python3.11-venv (3.11.2-6+deb12u6) ...
cropwise@flask1:~/assessment/Backend$ python3 -m venv venv
cropwise@flask1:~/assessment/Backend$ source venv/bin/activate
(venv) cropwise@flask1:~/assessment/Backend$ pip install -r requiremen^C
(venv) cropwise@flask1:~/assessment/Backend$ ls
 2_6croprecommendation.py   crop_classifier_db.sql   load_trained_weights.py
 Crop_recommendation.csv   'db first diagram.pdf'    modelo_crop_api.pkl
 api_mysql.py               db_integration.py        venv
(venv) cropwise@flask1:~/assessment/Backend$ cd ..
(venv) cropwise@flask1:~/assessment$ ls
Backend  Documentación  FrontEnd  README.md
(venv) cropwise@flask1:~/assessment$ cd Documentación/
(venv) cropwise@flask1:~/assessment/Documentación$ ls
LICENSE  manual.md  requirements.txt
(venv) cropwise@flask1:~/assessment/Documentación$ cp ../
.git/          Backend/       FrontEnd/      
.gitignore     Documentación/ README.md      
(venv) cropwise@flask1:~/assessment/Documentación$ cp ../
.git/          Backend/       FrontEnd/      
.gitignore     Documentación/ README.md      
(venv) cropwise@flask1:~/assessment/Documentación$ cp ../Backend/
cp: missing destination file operand after '../Backend/'
Try 'cp --help' for more information.
(venv) cropwise@flask1:~/assessment/Documentación$ cp requirements.txt ../Backend/
(venv) cropwise@flask1:~/assessment/Documentación$ cd ..
(venv) cropwise@flask1:~/assessment$ cd Backend/
(venv) cropwise@flask1:~/assessment/Backend$ ls
 2_6croprecommendation.py  'db first diagram.pdf'     requirements.txt
 Crop_recommendation.csv    db_integration.py         venv
 api_mysql.py               load_trained_weights.py
 crop_classifier_db.sql     modelo_crop_api.pkl
(venv) cropwise@flask1:~/assessment/Backend$ pip install -r requirements.txt 
Collecting blinker==1.9.0
  Downloading blinker-1.9.0-py3-none-any.whl (8.5 kB)
Collecting click==8.2.1
  Downloading click-8.2.1-py3-none-any.whl (102 kB)
     ━━━━━━━━━━━━━━━━━━━━━━━━━━━━━━━━━━━━━━━ 102.2/102.2 kB 1.5 MB/s eta 0:00:00
Collecting contourpy==1.3.2
  Downloading contourpy-1.3.2-cp311-cp311-manylinux_2_17_x86_64.manylinux2014_x86_64.whl (326 kB)
     ━━━━━━━━━━━━━━━━━━━━━━━━━━━━━━━━━━━━━━━ 326.2/326.2 kB 4.9 MB/s eta 0:00:00
Collecting cycler==0.12.1
  Downloading cycler-0.12.1-py3-none-any.whl (8.3 kB)
Collecting filelock==3.18.0
  Downloading filelock-3.18.0-py3-none-any.whl (16 kB)
Collecting Flask==3.1.1
  Downloading flask-3.1.1-py3-none-any.whl (103 kB)
     ━━━━━━━━━━━━━━━━━━━━━━━━━━━━━━━━━━━━━━ 103.3/103.3 kB 18.1 MB/s eta 0:00:00
Collecting flask-cors==6.0.0
  Downloading flask_cors-6.0.0-py3-none-any.whl (11 kB)
Collecting fonttools==4.58.1
  Downloading fonttools-4.58.1-cp311-cp311-manylinux_2_17_x86_64.manylinux2014_x86_64.whl (4.9 MB)
     ━━━━━━━━━━━━━━━━━━━━━━━━━━━━━━━━━━━━━━━━ 4.9/4.9 MB 32.2 MB/s eta 0:00:00
Collecting fsspec==2025.5.1
  Downloading fsspec-2025.5.1-py3-none-any.whl (199 kB)
     ━━━━━━━━━━━━━━━━━━━━━━━━━━━━━━━━━━━━━━ 199.1/199.1 kB 45.1 MB/s eta 0:00:00
Collecting itsdangerous==2.2.0
  Downloading itsdangerous-2.2.0-py3-none-any.whl (16 kB)
Collecting Jinja2==3.1.6
  Downloading jinja2-3.1.6-py3-none-any.whl (134 kB)
     ━━━━━━━━━━━━━━━━━━━━━━━━━━━━━━━━━━━━━━ 134.9/134.9 kB 31.1 MB/s eta 0:00:00
Collecting joblib==1.5.1
  Downloading joblib-1.5.1-py3-none-any.whl (307 kB)
     ━━━━━━━━━━━━━━━━━━━━━━━━━━━━━━━━━━━━━━━ 307.7/307.7 kB 3.4 MB/s eta 0:00:00
Collecting kiwisolver==1.4.8
  Downloading kiwisolver-1.4.8-cp311-cp311-manylinux_2_17_x86_64.manylinux2014_x86_64.whl (1.4 MB)
     ━━━━━━━━━━━━━━━━━━━━━━━━━━━━━━━━━━━━━━━━ 1.4/1.4 MB 66.3 MB/s eta 0:00:00
Collecting MarkupSafe==3.0.2
  Downloading MarkupSafe-3.0.2-cp311-cp311-manylinux_2_17_x86_64.manylinux2014_x86_64.whl (23 kB)
Collecting matplotlib==3.10.3
  Downloading matplotlib-3.10.3-cp311-cp311-manylinux_2_17_x86_64.manylinux2014_x86_64.whl (8.6 MB)
     ━━━━━━━━━━━━━━━━━━━━━━━━━━━━━━━━━━━━━━━━ 8.6/8.6 MB 47.5 MB/s eta 0:00:00
Collecting mpmath==1.3.0
  Downloading mpmath-1.3.0-py3-none-any.whl (536 kB)
     ━━━━━━━━━━━━━━━━━━━━━━━━━━━━━━━━━━━━━━ 536.2/536.2 kB 65.3 MB/s eta 0:00:00
Collecting mysql-connector-python==9.3.0
  Downloading mysql_connector_python-9.3.0-cp311-cp311-manylinux_2_28_x86_64.whl (33.9 MB)
     ━━━━━━━━━━━━━━━━━━━━━━━━━━━━━━━━━━━━━━━━ 33.9/33.9 MB 44.6 MB/s eta 0:00:00
Collecting networkx==3.5
  Downloading networkx-3.5-py3-none-any.whl (2.0 MB)
     ━━━━━━━━━━━━━━━━━━━━━━━━━━━━━━━━━━━━━━━━ 2.0/2.0 MB 65.1 MB/s eta 0:00:00
Collecting numpy==2.2.6
  Downloading numpy-2.2.6-cp311-cp311-manylinux_2_17_x86_64.manylinux2014_x86_64.whl (16.8 MB)
     ━━━━━━━━━━━━━━━━━━━━━━━━━━━━━━━━━━━━━━━━ 16.8/16.8 MB 50.7 MB/s eta 0:00:00
Collecting packaging==25.0
  Downloading packaging-25.0-py3-none-any.whl (66 kB)
     ━━━━━━━━━━━━━━━━━━━━━━━━━━━━━━━━━━━━━━━━ 66.5/66.5 kB 14.6 MB/s eta 0:00:00
Collecting pandas==2.2.3
  Downloading pandas-2.2.3-cp311-cp311-manylinux_2_17_x86_64.manylinux2014_x86_64.whl (13.1 MB)
     ━━━━━━━━━━━━━━━━━━━━━━━━━━━━━━━━━━━━━━━━ 13.1/13.1 MB 57.1 MB/s eta 0:00:00
Collecting pillow==11.2.1
  Downloading pillow-11.2.1-cp311-cp311-manylinux_2_28_x86_64.whl (4.6 MB)
     ━━━━━━━━━━━━━━━━━━━━━━━━━━━━━━━━━━━━━━━━ 4.6/4.6 MB 56.8 MB/s eta 0:00:00
Collecting PyJWT==2.10.1
  Downloading PyJWT-2.10.1-py3-none-any.whl (22 kB)
Collecting PyMySQL==1.1.1
  Downloading PyMySQL-1.1.1-py3-none-any.whl (44 kB)
     ━━━━━━━━━━━━━━━━━━━━━━━━━━━━━━━━━━━━━━━━ 45.0/45.0 kB 11.4 MB/s eta 0:00:00
Collecting pyparsing==3.2.3
  Downloading pyparsing-3.2.3-py3-none-any.whl (111 kB)
     ━━━━━━━━━━━━━━━━━━━━━━━━━━━━━━━━━━━━━━ 111.1/111.1 kB 27.9 MB/s eta 0:00:00
Collecting python-dateutil==2.9.0.post0
  Downloading python_dateutil-2.9.0.post0-py2.py3-none-any.whl (229 kB)
     ━━━━━━━━━━━━━━━━━━━━━━━━━━━━━━━━━━━━━━ 229.9/229.9 kB 52.3 MB/s eta 0:00:00
Collecting pytz==2025.2
  Downloading pytz-2025.2-py2.py3-none-any.whl (509 kB)
     ━━━━━━━━━━━━━━━━━━━━━━━━━━━━━━━━━━━━━━ 509.2/509.2 kB 65.8 MB/s eta 0:00:00
Collecting scikit-learn==1.6.1
  Downloading scikit_learn-1.6.1-cp311-cp311-manylinux_2_17_x86_64.manylinux2014_x86_64.whl (13.5 MB)
     ━━━━━━━━━━━━━━━━━━━━━━━━━━━━━━━━━━━━━━━━ 13.5/13.5 MB 57.1 MB/s eta 0:00:00
Collecting scipy==1.15.3
  Downloading scipy-1.15.3-cp311-cp311-manylinux_2_17_x86_64.manylinux2014_x86_64.whl (37.7 MB)
     ━━━━━━━━━━━━━━━━━━━━━━━━━━━━━━━━━━━━━━━━ 37.7/37.7 MB 42.0 MB/s eta 0:00:00
Collecting seaborn==0.13.2
  Downloading seaborn-0.13.2-py3-none-any.whl (294 kB)
     ━━━━━━━━━━━━━━━━━━━━━━━━━━━━━━━━━━━━━━ 294.9/294.9 kB 59.2 MB/s eta 0:00:00
Collecting setuptools==80.9.0
  Downloading setuptools-80.9.0-py3-none-any.whl (1.2 MB)
     ━━━━━━━━━━━━━━━━━━━━━━━━━━━━━━━━━━━━━━━━ 1.2/1.2 MB 62.8 MB/s eta 0:00:00
Collecting six==1.17.0
  Downloading six-1.17.0-py2.py3-none-any.whl (11 kB)
Collecting sympy==1.14.0
  Downloading sympy-1.14.0-py3-none-any.whl (6.3 MB)
     ━━━━━━━━━━━━━━━━━━━━━━━━━━━━━━━━━━━━━━━━ 6.3/6.3 MB 61.9 MB/s eta 0:00:00
Collecting threadpoolctl==3.6.0
  Downloading threadpoolctl-3.6.0-py3-none-any.whl (18 kB)
Collecting torch==2.7.0
  Downloading torch-2.7.0-cp311-cp311-manylinux_2_28_x86_64.whl (865.2 MB)
     ━━━━━━━━━━━━━━━━━━━━━━━━━━━━━━━━━━━━━━━ 865.2/865.2 MB 2.9 MB/s eta 0:00:00
Collecting torchaudio==2.7.0
  Downloading torchaudio-2.7.0-cp311-cp311-manylinux_2_28_x86_64.whl (3.5 MB)
     ━━━━━━━━━━━━━━━━━━━━━━━━━━━━━━━━━━━━━━━━ 3.5/3.5 MB 52.7 MB/s eta 0:00:00
Collecting torchvision==0.22.0
  Downloading torchvision-0.22.0-cp311-cp311-manylinux_2_28_x86_64.whl (7.4 MB)
     ━━━━━━━━━━━━━━━━━━━━━━━━━━━━━━━━━━━━━━━━ 7.4/7.4 MB 61.2 MB/s eta 0:00:00
Collecting typing_extensions==4.14.0
  Downloading typing_extensions-4.14.0-py3-none-any.whl (43 kB)
     ━━━━━━━━━━━━━━━━━━━━━━━━━━━━━━━━━━━━━━━━ 43.8/43.8 kB 10.0 MB/s eta 0:00:00
Collecting tzdata==2025.2
  Downloading tzdata-2025.2-py2.py3-none-any.whl (347 kB)
     ━━━━━━━━━━━━━━━━━━━━━━━━━━━━━━━━━━━━━━ 347.8/347.8 kB 65.7 MB/s eta 0:00:00
Collecting Werkzeug==3.1.3
  Downloading werkzeug-3.1.3-py3-none-any.whl (224 kB)
     ━━━━━━━━━━━━━━━━━━━━━━━━━━━━━━━━━━━━━━ 224.5/224.5 kB 26.5 MB/s eta 0:00:00
Collecting nvidia-cuda-nvrtc-cu12==12.6.77
  Downloading nvidia_cuda_nvrtc_cu12-12.6.77-py3-none-manylinux2014_x86_64.whl (23.7 MB)
     ━━━━━━━━━━━━━━━━━━━━━━━━━━━━━━━━━━━━━━━━ 23.7/23.7 MB 51.4 MB/s eta 0:00:00
Collecting nvidia-cuda-runtime-cu12==12.6.77
  Downloading nvidia_cuda_runtime_cu12-12.6.77-py3-none-manylinux2014_x86_64.manylinux_2_17_x86_64.whl (897 kB)
     ━━━━━━━━━━━━━━━━━━━━━━━━━━━━━━━━━━━━━━ 897.7/897.7 kB 75.3 MB/s eta 0:00:00
Collecting nvidia-cuda-cupti-cu12==12.6.80
  Downloading nvidia_cuda_cupti_cu12-12.6.80-py3-none-manylinux2014_x86_64.manylinux_2_17_x86_64.whl (8.9 MB)
     ━━━━━━━━━━━━━━━━━━━━━━━━━━━━━━━━━━━━━━━━ 8.9/8.9 MB 67.1 MB/s eta 0:00:00
Collecting nvidia-cudnn-cu12==9.5.1.17
  Downloading nvidia_cudnn_cu12-9.5.1.17-py3-none-manylinux_2_28_x86_64.whl (571.0 MB)
     ━━━━━━━━━━━━━━━━━━━━━━━━━━━━━━━━━━━━━━━ 571.0/571.0 MB 6.2 MB/s eta 0:00:00
Collecting nvidia-cublas-cu12==12.6.4.1
  Downloading nvidia_cublas_cu12-12.6.4.1-py3-none-manylinux2014_x86_64.manylinux_2_17_x86_64.whl (393.1 MB)
     ━━━━━━━━━━━━━━━━━━━━━━━━━━━━━━━━━━━━━━━ 393.1/393.1 MB 8.0 MB/s eta 0:00:00
Collecting nvidia-cufft-cu12==11.3.0.4
  Downloading nvidia_cufft_cu12-11.3.0.4-py3-none-manylinux2014_x86_64.manylinux_2_17_x86_64.whl (200.2 MB)
     ━━━━━━━━━━━━━━━━━━━━━━━━━━━━━━━━━━━━━━ 200.2/200.2 MB 13.0 MB/s eta 0:00:00
Collecting nvidia-curand-cu12==10.3.7.77
  Downloading nvidia_curand_cu12-10.3.7.77-py3-none-manylinux2014_x86_64.manylinux_2_17_x86_64.whl (56.3 MB)
     ━━━━━━━━━━━━━━━━━━━━━━━━━━━━━━━━━━━━━━━━ 56.3/56.3 MB 25.9 MB/s eta 0:00:00
Collecting nvidia-cusolver-cu12==11.7.1.2
  Downloading nvidia_cusolver_cu12-11.7.1.2-py3-none-manylinux2014_x86_64.manylinux_2_17_x86_64.whl (158.2 MB)
     ━━━━━━━━━━━━━━━━━━━━━━━━━━━━━━━━━━━━━━ 158.2/158.2 MB 14.0 MB/s eta 0:00:00
Collecting nvidia-cusparse-cu12==12.5.4.2
  Downloading nvidia_cusparse_cu12-12.5.4.2-py3-none-manylinux2014_x86_64.manylinux_2_17_x86_64.whl (216.6 MB)
     ━━━━━━━━━━━━━━━━━━━━━━━━━━━━━━━━━━━━━━ 216.6/216.6 MB 11.1 MB/s eta 0:00:00
Collecting nvidia-cusparselt-cu12==0.6.3
  Downloading nvidia_cusparselt_cu12-0.6.3-py3-none-manylinux2014_x86_64.whl (156.8 MB)
     ━━━━━━━━━━━━━━━━━━━━━━━━━━━━━━━━━━━━━━ 156.8/156.8 MB 13.4 MB/s eta 0:00:00
Collecting nvidia-nccl-cu12==2.26.2
  Downloading nvidia_nccl_cu12-2.26.2-py3-none-manylinux2014_x86_64.manylinux_2_17_x86_64.whl (201.3 MB)
     ━━━━━━━━━━━━━━━━━━━━━━━━━━━━━━━━━━━━━━ 201.3/201.3 MB 12.1 MB/s eta 0:00:00
Collecting nvidia-nvtx-cu12==12.6.77
  Downloading nvidia_nvtx_cu12-12.6.77-py3-none-manylinux2014_x86_64.manylinux_2_17_x86_64.whl (89 kB)
     ━━━━━━━━━━━━━━━━━━━━━━━━━━━━━━━━━━━━━━━━ 89.3/89.3 kB 22.6 MB/s eta 0:00:00
Collecting nvidia-nvjitlink-cu12==12.6.85
  Downloading nvidia_nvjitlink_cu12-12.6.85-py3-none-manylinux2010_x86_64.manylinux_2_12_x86_64.whl (19.7 MB)
     ━━━━━━━━━━━━━━━━━━━━━━━━━━━━━━━━━━━━━━━━ 19.7/19.7 MB 32.3 MB/s eta 0:00:00
Collecting nvidia-cufile-cu12==1.11.1.6
  Downloading nvidia_cufile_cu12-1.11.1.6-py3-none-manylinux2014_x86_64.manylinux_2_17_x86_64.whl (1.1 MB)
     ━━━━━━━━━━━━━━━━━━━━━━━━━━━━━━━━━━━━━━━━ 1.1/1.1 MB 4.9 MB/s eta 0:00:00
Collecting triton==3.3.0
  Downloading triton-3.3.0-cp311-cp311-manylinux_2_27_x86_64.manylinux_2_28_x86_64.whl (156.5 MB)
     ━━━━━━━━━━━━━━━━━━━━━━━━━━━━━━━━━━━━━━ 156.5/156.5 MB 13.0 MB/s eta 0:00:00
Installing collected packages: pytz, nvidia-cusparselt-cu12, mpmath, tzdata, typing_extensions, threadpoolctl, sympy, six, setuptools, pyparsing, PyMySQL, PyJWT, pillow, packaging, nvidia-nvtx-cu12, nvidia-nvjitlink-cu12, nvidia-nccl-cu12, nvidia-curand-cu12, nvidia-cufile-cu12, nvidia-cuda-runtime-cu12, nvidia-cuda-nvrtc-cu12, nvidia-cuda-cupti-cu12, nvidia-cublas-cu12, numpy, networkx, mysql-connector-python, MarkupSafe, kiwisolver, joblib, itsdangerous, fsspec, fonttools, filelock, cycler, click, blinker, Werkzeug, triton, scipy, python-dateutil, nvidia-cusparse-cu12, nvidia-cufft-cu12, nvidia-cudnn-cu12, Jinja2, contourpy, scikit-learn, pandas, nvidia-cusolver-cu12, matplotlib, Flask, torch, seaborn, flask-cors, torchvision, torchaudio
  Attempting uninstall: setuptools
    Found existing installation: setuptools 66.1.1
    Uninstalling setuptools-66.1.1:
      Successfully uninstalled setuptools-66.1.1


Successfully installed Flask-3.1.1 Jinja2-3.1.6 MarkupSafe-3.0.2 PyJWT-2.10.1 PyMySQL-1.1.1 Werkzeug-3.1.3 blinker-1.9.0 click-8.2.1 contourpy-1.3.2 cycler-0.12.1 filelock-3.18.0 flask-cors-6.0.0 fonttools-4.58.1 fsspec-2025.5.1 itsdangerous-2.2.0 joblib-1.5.1 kiwisolver-1.4.8 matplotlib-3.10.3 mpmath-1.3.0 mysql-connector-python-9.3.0 networkx-3.5 numpy-2.2.6 nvidia-cublas-cu12-12.6.4.1 nvidia-cuda-cupti-cu12-12.6.80 nvidia-cuda-nvrtc-cu12-12.6.77 nvidia-cuda-runtime-cu12-12.6.77 nvidia-cudnn-cu12-9.5.1.17 nvidia-cufft-cu12-11.3.0.4 nvidia-cufile-cu12-1.11.1.6 nvidia-curand-cu12-10.3.7.77 nvidia-cusolver-cu12-11.7.1.2 nvidia-cusparse-cu12-12.5.4.2 nvidia-cusparselt-cu12-0.6.3 nvidia-nccl-cu12-2.26.2 nvidia-nvjitlink-cu12-12.6.85 nvidia-nvtx-cu12-12.6.77 packaging-25.0 pandas-2.2.3 pillow-11.2.1 pyparsing-3.2.3 python-dateutil-2.9.0.post0 pytz-2025.2 scikit-learn-1.6.1 scipy-1.15.3 seaborn-0.13.2 setuptools-80.9.0 six-1.17.0 sympy-1.14.0 threadpoolctl-3.6.0 torch-2.7.0 torchaudio-2.7.0 torchvision-0.22.0 triton-3.3.0 typing_extensions-4.14.0 tzdata-2025.2
(venv) cropwise@flask1:~/assessment/Backend$ 
(venv) cropwise@flask1:~/assessment/Backend$ 
(venv) cropwise@flask1:~/assessment/Backend$ ls
 2_6croprecommendation.py  'db first diagram.pdf'     requirements.txt
 Crop_recommendation.csv    db_integration.py         venv
 api_mysql.py               load_trained_weights.py
 crop_classifier_db.sql     modelo_crop_api.pkl
(venv) cropwise@flask1:~/assessment/Backend$ python3 api_mysql.py 
Cargando modelo en formato API
Modelo cargado desde modelo_crop_api.pkl
==================================================
Modelo cargado correctamente
22 cultivos disponibles
^C^CError de conexión a BD
==================================================
Iniciando API Flask en puerto 5001...
 * Serving Flask app 'api_mysql'
 * Debug mode: on
WARNING: This is a development server. Do not use it in a production deployment. Use a production WSGI server instead.
 * Running on all addresses (0.0.0.0)
 * Running on http://127.0.0.1:5001
 * Running on http://172.22.0.240:5001
Press CTRL+C to quit
 * Restarting with stat
Cargando modelo en formato API
Modelo cargado desde modelo_crop_api.pkl
==================================================
Modelo cargado correctamente
22 cultivos disponibles
^C^C(venv) cropwise@flask1:~/assessment/Backend$ ls
 2_6croprecommendation.py  'db first diagram.pdf'     requirements.txt
 Crop_recommendation.csv    db_integration.py         venv
 api_mysql.py               load_trained_weights.py
 crop_classifier_db.sql     modelo_crop_api.pkl
(venv) cropwise@flask1:~/assessment/Backend$ vim api_mysql.py 
(venv) cropwise@flask1:~/assessment/Backend$ python3 api_mysql.py 
Cargando modelo en formato API
Modelo cargado desde modelo_crop_api.pkl
==================================================
Modelo cargado correctamente
22 cultivos disponibles
^C^CError de conexión a BD
==================================================
Iniciando API Flask en puerto 5001...
 * Serving Flask app 'api_mysql'
 * Debug mode: on
WARNING: This is a development server. Do not use it in a production deployment. Use a production WSGI server instead.
 * Running on all addresses (0.0.0.0)
 * Running on http://127.0.0.1:5001
 * Running on http://172.22.0.240:5001
Press CTRL+C to quit
 * Restarting with stat
^CTraceback (most recent call last):
  File "/home/cropwise/assessment/Backend/api_mysql.py", line 5, in <module>
    import torch
  File "/home/cropwise/assessment/Backend/venv/lib/python3.11/site-packages/torch/__init__.py", line 409, in <module>
    from torch._C import *  # noqa: F403
    ^^^^^^^^^^^^^^^^^^^^^^
  File "<frozen importlib._bootstrap>", line 216, in _lock_unlock_module
KeyboardInterrupt
(venv) cropwise@flask1:~/assessment/Backend$ python3 api_mysql.py --host 0.0.0.0
Cargando modelo en formato API
Modelo cargado desde modelo_crop_api.pkl
==================================================
Modelo cargado correctamente
22 cultivos disponibles
^C^CError de conexión a BD
==================================================
Iniciando API Flask en puerto 5001...
 * Serving Flask app 'api_mysql'
 * Debug mode: on
WARNING: This is a development server. Do not use it in a production deployment. Use a production WSGI server instead.
 * Running on all addresses (0.0.0.0)
 * Running on http://127.0.0.1:5001
 * Running on http://172.22.0.240:5001
Press CTRL+C to quit
 * Restarting with stat
^CTraceback (most recent call last):
  File "/home/cropwise/assessment/Backend/api_mysql.py", line 5, in <module>
    import torch
  File "/home/cropwise/assessment/Backend/venv/lib/python3.11/site-packages/torch/__init__.py", line 2611, in <module>
    from torch import _meta_registrations
  File "/home/cropwise/assessment/Backend/venv/lib/python3.11/site-packages/torch/_meta_registrations.py", line 12, in <module>
    from torch._decomp import (
  File "/home/cropwise/assessment/Backend/venv/lib/python3.11/site-packages/torch/_decomp/__init__.py", line 276, in <module>
    import torch._decomp.decompositions
  File "/home/cropwise/assessment/Backend/venv/lib/python3.11/site-packages/torch/_decomp/decompositions.py", line 16, in <module>
    import torch._prims as prims
  File "/home/cropwise/assessment/Backend/venv/lib/python3.11/site-packages/torch/_prims/__init__.py", line 2722, in <module>
    normal = _make_prim(
             ^^^^^^^^^^^
  File "/home/cropwise/assessment/Backend/venv/lib/python3.11/site-packages/torch/_prims/__init__.py", line 321, in _make_prim
    prim_def = torch.library.custom_op(
               ^^^^^^^^^^^^^^^^^^^^^^^^
  File "/home/cropwise/assessment/Backend/venv/lib/python3.11/site-packages/torch/_library/custom_ops.py", line 173, in custom_op
    return inner(fn)
           ^^^^^^^^^
  File "/home/cropwise/assessment/Backend/venv/lib/python3.11/site-packages/torch/_library/custom_ops.py", line 154, in inner
    result = CustomOpDef(namespace, opname, schema_str, fn)
             ^^^^^^^^^^^^^^^^^^^^^^^^^^^^^^^^^^^^^^^^^^^^^^
  File "/home/cropwise/assessment/Backend/venv/lib/python3.11/site-packages/torch/_library/custom_ops.py", line 204, in __init__
    self._register_to_dispatcher()
  File "/home/cropwise/assessment/Backend/venv/lib/python3.11/site-packages/torch/_library/custom_ops.py", line 624, in _register_to_dispatcher
    lib._register_fake(self._name, fake_impl, _stacklevel=4)
  File "/home/cropwise/assessment/Backend/venv/lib/python3.11/site-packages/torch/library.py", line 214, in _register_fake
    handle = entry.fake_impl.register(func_to_register, source)
             ^^^^^^^^^^^^^^^^^^^^^^^^^^^^^^^^^^^^^^^^^^^^^^^^^^
  File "/home/cropwise/assessment/Backend/venv/lib/python3.11/site-packages/torch/_library/fake_impl.py", line 63, in register
    self.lib.impl(self.qualname, meta_kernel, "Meta")
  File "/home/cropwise/assessment/Backend/venv/lib/python3.11/site-packages/torch/library.py", line 354, in impl
    if torch._C._dispatch_has_kernel_for_dispatch_key(
       ^^^^^^^^^^^^^^^^^^^^^^^^^^^^^^^^^^^^^^^^^^^^^^^
KeyboardInterrupt
^C
(venv) cropwise@flask1:~/assessment/Backend$ python3 api_mysql.py --host 0.0.0.0^C
(venv) cropwise@flask1:~/assessment/Backend$ ^C
(venv) cropwise@flask1:~/assessment/Backend$ ip addr
1: lo: <LOOPBACK,UP,LOWER_UP> mtu 65536 qdisc noqueue state UNKNOWN group default qlen 1000
    link/loopback 00:00:00:00:00:00 brd 00:00:00:00:00:00
    inet 127.0.0.1/8 scope host lo
       valid_lft forever preferred_lft forever
    inet6 ::1/128 scope host noprefixroute 
       valid_lft forever preferred_lft forever
2: ens3: <BROADCAST,MULTICAST,UP,LOWER_UP> mtu 1500 qdisc fq_codel state UP group default qlen 1000
    link/ether fa:16:3e:1a:7d:a0 brd ff:ff:ff:ff:ff:ff
    altname enp0s3
    inet 172.22.0.240/24 metric 100 brd 172.22.0.255 scope global dynamic ens3
       valid_lft 84932sec preferred_lft 84932sec
    inet6 fe80::f816:3eff:fe1a:7da0/64 scope link 
       valid_lft forever preferred_lft forever
(venv) cropwise@flask1:~/assessment/Backend$ python3 api_mysql.py --host 0.0.0.0
Cargando modelo en formato API
Modelo cargado desde modelo_crop_api.pkl
==================================================
Modelo cargado correctamente
22 cultivos disponibles


^C^CError de conexión a BD
==================================================
Iniciando API Flask en puerto 5001...
 * Serving Flask app 'api_mysql'
 * Debug mode: on
WARNING: This is a development server. Do not use it in a production deployment. Use a production WSGI server instead.
 * Running on all addresses (0.0.0.0)
 * Running on http://127.0.0.1:5001
 * Running on http://172.22.0.240:5001
Press CTRL+C to quit
 * Restarting with stat
^CTraceback (most recent call last):
  File "/home/cropwise/assessment/Backend/api_mysql.py", line 5, in <module>
    import torch
  File "/home/cropwise/assessment/Backend/venv/lib/python3.11/site-packages/torch/__init__.py", line 409, in <module>
    from torch._C import *  # noqa: F403
    ^^^^^^^^^^^^^^^^^^^^^^
  File "<frozen importlib._bootstrap>", line 216, in _lock_unlock_module
KeyboardInterrupt
(venv) cropwise@flask1:~/assessment/Backend$ python3 api_mysql.py
Cargando modelo en formato API
Modelo cargado desde modelo_crop_api.pkl
==================================================
Modelo cargado correctamente
22 cultivos disponibles



^C


^CError de conexión a BD
==================================================
Iniciando API Flask en puerto 5001...
 * Serving Flask app 'api_mysql'
 * Debug mode: on
WARNING: This is a development server. Do not use it in a production deployment. Use a production WSGI server instead.
 * Running on all addresses (0.0.0.0)
 * Running on http://127.0.0.1:5001
 * Running on http://172.22.0.240:5001
Press CTRL+C to quit
 * Restarting with stat

Cargando modelo en formato API
Modelo cargado desde modelo_crop_api.pkl
==================================================
Modelo cargado correctamente
22 cultivos disponibles
Error conectando a la BD: 2003 (HY000): Can't connect to MySQL server on '172.22.0.133:3306' (110)
Error de conexión a BD
==================================================
Iniciando API Flask en puerto 5001...
 * Debugger is active!
 * Debugger PIN: 114-074-920
127.0.0.1 - - [06/Jun/2025 02:37:46] "GET / HTTP/1.1" 404 -
^C^C^C
(venv) cropwise@flask1:~/assessment/Backend$ python3 api_mysql.py
Cargando modelo en formato API
Modelo cargado desde modelo_crop_api.pkl
==================================================
Modelo cargado correctamente
22 cultivos disponibles

^C^CError de conexión a BD
==================================================
Iniciando API Flask en puerto 5001...
 * Serving Flask app 'api_mysql'
 * Debug mode: on
WARNING: This is a development server. Do not use it in a production deployment. Use a production WSGI server instead.
 * Running on all addresses (0.0.0.0)
 * Running on http://127.0.0.1:5001
 * Running on http://172.22.0.240:5001
Press CTRL+C to quit
 * Restarting with stat
Cargando modelo en formato API
Modelo cargado desde modelo_crop_api.pkl
==================================================
Modelo cargado correctamente
22 cultivos disponibles
^C^C^C
(venv) cropwise@flask1:~/assessment/Backend$ python3 api_mysql.py
Cargando modelo en formato API
Modelo cargado desde modelo_crop_api.pkl
==================================================
Modelo cargado correctamente
22 cultivos disponibles



^C


^CError de conexión a BD
==================================================
Iniciando API Flask en puerto 5001...
 * Serving Flask app 'api_mysql'
 * Debug mode: on
WARNING: This is a development server. Do not use it in a production deployment. Use a production WSGI server instead.
 * Running on all addresses (0.0.0.0)
 * Running on http://127.0.0.1:5001
 * Running on http://172.22.0.240:5001
Press CTRL+C to quit
 * Restarting with stat
Cargando modelo en formato API
Modelo cargado desde modelo_crop_api.pkl
==================================================
Modelo cargado correctamente
22 cultivos disponibles
^C^C^C
(venv) cropwise@flask1:~/assessment/Backend$ ^C
(venv) cropwise@flask1:~/assessment/Backend$ ls
 2_6croprecommendation.py  'db first diagram.pdf'     requirements.txt
 Crop_recommendation.csv    db_integration.py         venv
 api_mysql.py               load_trained_weights.py
 crop_classifier_db.sql     modelo_crop_api.pkl
(venv) cropwise@flask1:~/assessment/Backend$ git status
On branch main
Your branch is up to date with 'origin/main'.

Changes not staged for commit:
  (use "git add <file>..." to update what will be committed)
  (use "git restore <file>..." to discard changes in working directory)
	modified:   api_mysql.py

Untracked files:
  (use "git add <file>..." to include in what will be committed)
	requirements.txt

no changes added to commit (use "git add" and/or "git commit -a")
(venv) cropwise@flask1:~/assessment/Backend$ git stash
Saved working directory and index state WIP on main: c8140ea4 Merge pull request #8 from SamCF21/auth
(venv) cropwise@flask1:~/assessment/Backend$ git switch docker_2
error: The following untracked working tree files would be overwritten by checkout:
	Backend/requirements.txt
Please move or remove them before you switch branches.
Aborting
(venv) cropwise@flask1:~/assessment/Backend$ rm requirements.txt 
(venv) cropwise@flask1:~/assessment/Backend$ git switch docker_2
branch 'docker_2' set up to track 'origin/docker_2'.
Switched to a new branch 'docker_2'
(venv) cropwise@flask1:~/assessment/Backend$ git pull
remote: Enumerating objects: 10, done.
remote: Counting objects: 100% (10/10), done.
remote: Compressing objects: 100% (2/2), done.
remote: Total 10 (delta 5), reused 10 (delta 5), pack-reused 0 (from 0)
Unpacking objects: 100% (10/10), 739 bytes | 739.00 KiB/s, done.
From https://github.com/SamCF21/assessment
   89ae9bf0..5eb88cef  docker_2   -> origin/docker_2
Updating 89ae9bf0..5eb88cef
Fast-forward
 FrontEnd/app/api/auth/login/route.ts  | 4 +++-
 FrontEnd/app/api/auth/signin/route.ts | 2 +-
 2 files changed, 4 insertions(+), 2 deletions(-)
(venv) cropwise@flask1:~/assessment/Backend$ ls
 2_6croprecommendation.py   crop_classifier_db.sql    modelo_crop_api.pkl
 Crop_recommendation.csv   'db first diagram.pdf'     requirements.txt
 Dockerfile                 db_integration.py         venv
 api_mysql.py               load_trained_weights.py
(venv) cropwise@flask1:~/assessment/Backend$ vim Dockerfile 
(venv) cropwise@flask1:~/assessment/Backend$ ls
 2_6croprecommendation.py   crop_classifier_db.sql    modelo_crop_api.pkl
 Crop_recommendation.csv   'db first diagram.pdf'     requirements.txt
 Dockerfile                 db_integration.py         venv
 api_mysql.py               load_trained_weights.py
(venv) cropwise@flask1:~/assessment/Backend$ vim api_mysql.py 
(venv) cropwise@flask1:~/assessment/Backend$ docker build -t api .
-bash: docker: command not found
(venv) cropwise@flask1:~/assessment/Backend$ for pkg in docker.io docker-doc docker-compose podman-docker containerd runc; do sudo apt-get remove $pkg; done
Reading package lists... Done
Building dependency tree... Done
Reading state information... Done
Package 'docker.io' is not installed, so not removed
0 upgraded, 0 newly installed, 0 to remove and 0 not upgraded.
Reading package lists... Done
Building dependency tree... Done
Reading state information... Done
Package 'docker-doc' is not installed, so not removed
0 upgraded, 0 newly installed, 0 to remove and 0 not upgraded.
Reading package lists... Done
Building dependency tree... Done
Reading state information... Done
Package 'docker-compose' is not installed, so not removed
0 upgraded, 0 newly installed, 0 to remove and 0 not upgraded.
Reading package lists... Done
Building dependency tree... Done
Reading state information... Done
Package 'podman-docker' is not installed, so not removed
0 upgraded, 0 newly installed, 0 to remove and 0 not upgraded.
Reading package lists... Done
Building dependency tree... Done
Reading state information... Done
Package 'containerd' is not installed, so not removed
0 upgraded, 0 newly installed, 0 to remove and 0 not upgraded.
Reading package lists... Done
Building dependency tree... Done
Reading state information... Done
Package 'runc' is not installed, so not removed
0 upgraded, 0 newly installed, 0 to remove and 0 not upgraded.
(venv) cropwise@flask1:~/assessment/Backend$ # Add Docker's official GPG key:
sudo apt-get update
sudo apt-get install ca-certificates curl
sudo install -m 0755 -d /etc/apt/keyrings
sudo curl -fsSL https://download.docker.com/linux/debian/gpg -o /etc/apt/keyrings/docker.asc
sudo chmod a+r /etc/apt/keyrings/docker.asc

# Add the repository to Apt sources:
echo \
  "deb [arch=$(dpkg --print-architecture) signed-by=/etc/apt/keyrings/docker.asc] https://download.docker.com/linux/debian \
  $(. /etc/os-release && echo "$VERSION_CODENAME") stable" | \
  sudo tee /etc/apt/sources.list.d/docker.list > /dev/null
sudo apt-get update
Get:1 file:/etc/apt/mirrors/debian.list Mirrorlist [30 B]
Get:5 file:/etc/apt/mirrors/debian-security.list Mirrorlist [39 B]
Hit:2 https://deb.debian.org/debian bookworm InRelease
Hit:3 https://deb.debian.org/debian bookworm-updates InRelease
Hit:4 https://deb.debian.org/debian bookworm-backports InRelease
Hit:6 https://deb.debian.org/debian-security bookworm-security InRelease
Reading package lists... Done
Reading package lists... Done
Building dependency tree... Done
Reading state information... Done
ca-certificates is already the newest version (20230311).
curl is already the newest version (7.88.1-10+deb12u12).
0 upgraded, 0 newly installed, 0 to remove and 0 not upgraded.
Get:1 file:/etc/apt/mirrors/debian.list Mirrorlist [30 B]
Get:5 file:/etc/apt/mirrors/debian-security.list Mirrorlist [39 B]
Get:7 https://download.docker.com/linux/debian bookworm InRelease [47.0 kB]
Get:8 https://download.docker.com/linux/debian bookworm/stable amd64 Packages [41.6 kB]
Hit:2 https://deb.debian.org/debian bookworm InRelease                         
Hit:3 https://deb.debian.org/debian bookworm-updates InRelease
Hit:4 https://deb.debian.org/debian bookworm-backports InRelease
Hit:6 https://deb.debian.org/debian-security bookworm-security InRelease
Fetched 88.6 kB in 0s (248 kB/s)
Reading package lists... Done
(venv) cropwise@flask1:~/assessment/Backend$ sudo apt-get install docker-ce docker-ce-cli containerd.io docker-buildx-plugin docker-compose-plugin
Reading package lists... Done
Building dependency tree... Done
Reading state information... Done
The following additional packages will be installed:
  dbus-user-session docker-ce-rootless-extras libltdl7 libslirp0 pigz
  slirp4netns
Suggested packages:
  cgroupfs-mount | cgroup-lite docker-model-plugin
The following NEW packages will be installed:
  containerd.io dbus-user-session docker-buildx-plugin docker-ce docker-ce-cli
  docker-ce-rootless-extras docker-compose-plugin libltdl7 libslirp0 pigz
  slirp4netns
0 upgraded, 11 newly installed, 0 to remove and 0 not upgraded.
Need to get 122 MB of archives.
After this operation, 445 MB of additional disk space will be used.
Do you want to continue? [Y/n] 
Get:1 file:/etc/apt/mirrors/debian.list Mirrorlist [30 B]
Get:7 https://download.docker.com/linux/debian bookworm/stable amd64 containerd.io amd64 1.7.27-1 [30.5 MB]
Get:2 https://deb.debian.org/debian bookworm/main amd64 pigz amd64 2.6-1 [64.0 kB]
Get:8 https://download.docker.com/linux/debian bookworm/stable amd64 docker-ce-cli amd64 5:28.2.2-1~debian.12~bookworm [16.2 MB]
Get:3 https://deb.debian.org/debian bookworm/main amd64 dbus-user-session amd64 1.14.10-1~deb12u1 [78.1 kB]
Get:4 https://deb.debian.org/debian bookworm/main amd64 libltdl7 amd64 2.4.7-7~deb12u1 [393 kB]
Get:9 https://download.docker.com/linux/debian bookworm/stable amd64 docker-ce amd64 5:28.2.2-1~debian.12~bookworm [19.4 MB]
Get:10 https://download.docker.com/linux/debian bookworm/stable amd64 docker-buildx-plugin amd64 0.24.0-1~debian.12~bookworm [34.4 MB]
Get:5 https://deb.debian.org/debian bookworm/main amd64 libslirp0 amd64 4.7.0-1 [63.0 kB]
Get:6 https://deb.debian.org/debian bookworm/main amd64 slirp4netns amd64 1.2.0-1 [37.5 kB]
Get:11 https://download.docker.com/linux/debian bookworm/stable amd64 docker-ce-rootless-extras amd64 5:28.2.2-1~debian.12~bookworm [6479 kB]
Get:12 https://download.docker.com/linux/debian bookworm/stable amd64 docker-compose-plugin amd64 2.36.2-1~debian.12~bookworm [14.0 MB]
Fetched 122 MB in 1s (104 MB/s)              
Selecting previously unselected package containerd.io.
(Reading database ... 32587 files and directories currently installed.)
Preparing to unpack .../00-containerd.io_1.7.27-1_amd64.deb ...
Unpacking containerd.io (1.7.27-1) ...
Selecting previously unselected package docker-ce-cli.
Preparing to unpack .../01-docker-ce-cli_5%3a28.2.2-1~debian.12~bookworm_amd64.deb ...
Unpacking docker-ce-cli (5:28.2.2-1~debian.12~bookworm) ...
Selecting previously unselected package docker-ce.
Preparing to unpack .../02-docker-ce_5%3a28.2.2-1~debian.12~bookworm_amd64.deb ...
Unpacking docker-ce (5:28.2.2-1~debian.12~bookworm) ...
Selecting previously unselected package pigz.
Preparing to unpack .../03-pigz_2.6-1_amd64.deb ...
Unpacking pigz (2.6-1) ...
Selecting previously unselected package dbus-user-session.
Preparing to unpack .../04-dbus-user-session_1.14.10-1~deb12u1_amd64.deb ...
Unpacking dbus-user-session (1.14.10-1~deb12u1) ...
Selecting previously unselected package docker-buildx-plugin.
Preparing to unpack .../05-docker-buildx-plugin_0.24.0-1~debian.12~bookworm_amd64.deb ...
Unpacking docker-buildx-plugin (0.24.0-1~debian.12~bookworm) ...
Selecting previously unselected package docker-ce-rootless-extras.
Preparing to unpack .../06-docker-ce-rootless-extras_5%3a28.2.2-1~debian.12~bookworm_amd64.deb ...
Unpacking docker-ce-rootless-extras (5:28.2.2-1~debian.12~bookworm) ...
Selecting previously unselected package docker-compose-plugin.
Preparing to unpack .../07-docker-compose-plugin_2.36.2-1~debian.12~bookworm_amd64.deb ...
Unpacking docker-compose-plugin (2.36.2-1~debian.12~bookworm) ...
Selecting previously unselected package libltdl7:amd64.
Preparing to unpack .../08-libltdl7_2.4.7-7~deb12u1_amd64.deb ...
Unpacking libltdl7:amd64 (2.4.7-7~deb12u1) ...
Selecting previously unselected package libslirp0:amd64.
Preparing to unpack .../09-libslirp0_4.7.0-1_amd64.deb ...
Unpacking libslirp0:amd64 (4.7.0-1) ...
Selecting previously unselected package slirp4netns.
Preparing to unpack .../10-slirp4netns_1.2.0-1_amd64.deb ...
Unpacking slirp4netns (1.2.0-1) ...
Setting up dbus-user-session (1.14.10-1~deb12u1) ...
Setting up docker-buildx-plugin (0.24.0-1~debian.12~bookworm) ...
Setting up containerd.io (1.7.27-1) ...
Created symlink /etc/systemd/system/multi-user.target.wants/containerd.service → /lib/systemd/system/containerd.service.
Setting up docker-compose-plugin (2.36.2-1~debian.12~bookworm) ...
Setting up libltdl7:amd64 (2.4.7-7~deb12u1) ...
Setting up docker-ce-cli (5:28.2.2-1~debian.12~bookworm) ...
Setting up libslirp0:amd64 (4.7.0-1) ...
Setting up pigz (2.6-1) ...
Setting up docker-ce-rootless-extras (5:28.2.2-1~debian.12~bookworm) ...
Setting up slirp4netns (1.2.0-1) ...
Setting up docker-ce (5:28.2.2-1~debian.12~bookworm) ...
Created symlink /etc/systemd/system/multi-user.target.wants/docker.service → /lib/systemd/system/docker.service.
Created symlink /etc/systemd/system/sockets.target.wants/docker.socket → /lib/systemd/system/docker.socket.
Processing triggers for man-db (2.11.2-2) ...
Processing triggers for libc-bin (2.36-9+deb12u10) ...
(venv) cropwise@flask1:~/assessment/Backend$ sudo groupadd docker
groupadd: group 'docker' already exists
(venv) cropwise@flask1:~/assessment/Backend$ sudo usermod -aG docker $USER
(venv) cropwise@flask1:~/assessment/Backend$ newgrp docker
cropwise@front1:~/assessment/Backend$ docker build -t api .
[+] Building 61.7s (7/9)                                         docker:default
 => [internal] load build definition from Dockerfile                       0.0s
 => => transferring dockerfile: 211B                                       0.0s
 => [internal] load metadata for docker.io/library/python:3.11-slim        1.4s
 => [internal] load .dockerignore                                          0.0s
 => => transferring context: 2B                                            0.0s
 => [1/5] FROM docker.io/library/python:3.11-slim@sha256:7a3ed1226224bcc1  7.6s
 => => resolve docker.io/library/python:3.11-slim@sha256:7a3ed1226224bcc1  0.0s
 => => sha256:61320b01ae5e0798393ef25f2dc72faf43703e60b 28.23MB / 28.23MB  1.6s
 => => sha256:91e6593878cc4b0d4c9eccb12c18fd9f2b266d35bc2 3.51MB / 3.51MB  0.9s
 => => sha256:c229bae17638423fbdc6680d790085a4262c8ee67 16.21MB / 16.21MB  1.4s
 => => sha256:7a3ed1226224bcc1fe5443262363d42f48cf832a540 9.13kB / 9.13kB  0.0s
 => => sha256:5fb2066229a0b08b0dbd3c2b390b5d5970c074f60db 1.75kB / 1.75kB  0.0s
 => => sha256:b5b258766481e1feb44556c37b203a7bfe17b68b9c6 5.37kB / 5.37kB  0.0s
 => => sha256:befce167985323633ac1acd06bd4fc78cefb02f4215bf32 250B / 250B  1.1s
 => => extracting sha256:61320b01ae5e0798393ef25f2dc72faf43703e60ba089b07  3.2s
 => => extracting sha256:91e6593878cc4b0d4c9eccb12c18fd9f2b266d35bc2da149  0.4s
 => => extracting sha256:c229bae17638423fbdc6680d790085a4262c8ee672c4d380  2.1s
 => => extracting sha256:befce167985323633ac1acd06bd4fc78cefb02f4215bf323  0.0s
 => [internal] load build context                                         50.1s
 => => transferring context: 6.08GB                                       50.0s
 => [2/5] WORKDIR /app                                                     0.2s
 => ERROR [3/5] COPY . .                                                  10.0s
------
 > [3/5] COPY . .:
------
Dockerfile:4
--------------------
   2 |     
   3 |     WORKDIR /app
   4 | >>> COPY . .
   5 |     
   6 |     RUN pip install --upgrade pip
--------------------
ERROR: failed to solve: ResourceExhausted: failed to copy files: userspace copy failed: write /app/venv/lib/python3.11/site-packages/nvidia/cusolver/lib/libcusolverMg.so.11: no space left on device
cropwise@front1:~/assessment/Backend$ ls
 2_6croprecommendation.py   crop_classifier_db.sql    modelo_crop_api.pkl
 Crop_recommendation.csv   'db first diagram.pdf'     requirements.txt
 Dockerfile                 db_integration.py         venv
 api_mysql.py               load_trained_weights.py
cropwise@front1:~/assessment/Backend$ rm -rf venv
cropwise@front1:~/assessment/Backend$ docker build -t api .
[+] Building 148.5s (10/10) FINISHED                             docker:default
 => [internal] load build definition from Dockerfile                       0.0s
 => => transferring dockerfile: 211B                                       0.0s
 => [internal] load metadata for docker.io/library/python:3.11-slim        0.3s
 => [internal] load .dockerignore                                          0.0s
 => => transferring context: 2B                                            0.0s
 => [1/5] FROM docker.io/library/python:3.11-slim@sha256:7a3ed1226224bcc1  0.0s
 => CACHED [2/5] WORKDIR /app                                              0.0s
 => [internal] load build context                                          0.5s
 => => transferring context: 391B                                          0.5s
 => [3/5] COPY . .                                                         0.1s
 => [4/5] RUN pip install --upgrade pip                                    3.6s
 => [5/5] RUN pip install --no-cache-dir -r requirements.txt             117.5s 
 => exporting to image                                                    26.4s 
 => => exporting layers                                                   26.3s 
 => => writing image sha256:99d75f08ded24d4f23f38a2ee8a6c30138fb8495efe8b  0.0s 
 => => naming to docker.io/library/api                                     0.0s 
cropwise@front1:~/assessment/Backend$ docker run -dp 5001:5001 api
e6d325b7207a6e0b6f2fc835c94788bb7b945cb8f0119534682458d223c96841                
cropwise@front1:~/assessment/Backend$ docker ps
CONTAINER ID   IMAGE     COMMAND                 CREATED         STATUS        PORTS                                         NAMES
e6d325b7207a   api       "python api_mysql.py"   2 seconds ago   Up 1 second   0.0.0.0:5001->5001/tcp, [::]:5001->5001/tcp   gifted_boyd
cropwise@front1:~/assessment/Backend$ curl localhost:5001
curl: (56) Recv failure: Connection reset by peer
cropwise@front1:~/assessment/Backend$ ls
 2_6croprecommendation.py   crop_classifier_db.sql    modelo_crop_api.pkl
 Crop_recommendation.csv   'db first diagram.pdf'     requirements.txt
 Dockerfile                 db_integration.py
 api_mysql.py               load_trained_weights.py
cropwise@front1:~/assessment/Backend$ python3 -m venv venv
cropwise@front1:~/assessment/Backend$ source venv/bin/activate
(venv) cropwise@front1:~/assessment/Backend$ pip install -r requirements.txt 
Collecting blinker==1.9.0
  Using cached blinker-1.9.0-py3-none-any.whl (8.5 kB)
Collecting click==8.2.1
  Using cached click-8.2.1-py3-none-any.whl (102 kB)
Collecting contourpy==1.3.2
  Using cached contourpy-1.3.2-cp311-cp311-manylinux_2_17_x86_64.manylinux2014_x86_64.whl (326 kB)
Collecting cycler==0.12.1
  Using cached cycler-0.12.1-py3-none-any.whl (8.3 kB)
Collecting filelock==3.18.0
  Using cached filelock-3.18.0-py3-none-any.whl (16 kB)
Collecting Flask==3.1.1
  Using cached flask-3.1.1-py3-none-any.whl (103 kB)
Collecting flask-cors==6.0.0
  Using cached flask_cors-6.0.0-py3-none-any.whl (11 kB)
Collecting fonttools==4.58.1
  Using cached fonttools-4.58.1-cp311-cp311-manylinux_2_17_x86_64.manylinux2014_x86_64.whl (4.9 MB)
Collecting fsspec==2025.5.1
  Using cached fsspec-2025.5.1-py3-none-any.whl (199 kB)
Collecting itsdangerous==2.2.0
  Using cached itsdangerous-2.2.0-py3-none-any.whl (16 kB)
Collecting Jinja2==3.1.6
  Using cached jinja2-3.1.6-py3-none-any.whl (134 kB)
Collecting joblib==1.5.1
  Using cached joblib-1.5.1-py3-none-any.whl (307 kB)
Collecting kiwisolver==1.4.8
  Using cached kiwisolver-1.4.8-cp311-cp311-manylinux_2_17_x86_64.manylinux2014_x86_64.whl (1.4 MB)
Collecting MarkupSafe==3.0.2
  Using cached MarkupSafe-3.0.2-cp311-cp311-manylinux_2_17_x86_64.manylinux2014_x86_64.whl (23 kB)
Collecting matplotlib==3.10.3
  Using cached matplotlib-3.10.3-cp311-cp311-manylinux_2_17_x86_64.manylinux2014_x86_64.whl (8.6 MB)
Collecting mpmath==1.3.0
  Using cached mpmath-1.3.0-py3-none-any.whl (536 kB)
Collecting mysql-connector-python==9.3.0
  Using cached mysql_connector_python-9.3.0-cp311-cp311-manylinux_2_28_x86_64.whl (33.9 MB)
Collecting networkx==3.5
  Using cached networkx-3.5-py3-none-any.whl (2.0 MB)
Collecting numpy==2.2.6
  Using cached numpy-2.2.6-cp311-cp311-manylinux_2_17_x86_64.manylinux2014_x86_64.whl (16.8 MB)
Collecting packaging==25.0
  Using cached packaging-25.0-py3-none-any.whl (66 kB)
Collecting pandas==2.2.3
  Using cached pandas-2.2.3-cp311-cp311-manylinux_2_17_x86_64.manylinux2014_x86_64.whl (13.1 MB)
Collecting pillow==11.2.1
  Using cached pillow-11.2.1-cp311-cp311-manylinux_2_28_x86_64.whl (4.6 MB)
Collecting PyJWT==2.10.1
  Using cached PyJWT-2.10.1-py3-none-any.whl (22 kB)
Collecting PyMySQL==1.1.1
  Using cached PyMySQL-1.1.1-py3-none-any.whl (44 kB)
Collecting pyparsing==3.2.3
  Using cached pyparsing-3.2.3-py3-none-any.whl (111 kB)
Collecting python-dateutil==2.9.0.post0
  Using cached python_dateutil-2.9.0.post0-py2.py3-none-any.whl (229 kB)
Collecting pytz==2025.2
  Using cached pytz-2025.2-py2.py3-none-any.whl (509 kB)
Collecting scikit-learn==1.6.1
  Using cached scikit_learn-1.6.1-cp311-cp311-manylinux_2_17_x86_64.manylinux2014_x86_64.whl (13.5 MB)
Collecting scipy==1.15.3
  Using cached scipy-1.15.3-cp311-cp311-manylinux_2_17_x86_64.manylinux2014_x86_64.whl (37.7 MB)
Collecting seaborn==0.13.2
  Using cached seaborn-0.13.2-py3-none-any.whl (294 kB)
Collecting setuptools==80.9.0
  Using cached setuptools-80.9.0-py3-none-any.whl (1.2 MB)
Collecting six==1.17.0
  Using cached six-1.17.0-py2.py3-none-any.whl (11 kB)
Collecting sympy==1.14.0
  Using cached sympy-1.14.0-py3-none-any.whl (6.3 MB)
Collecting threadpoolctl==3.6.0
  Using cached threadpoolctl-3.6.0-py3-none-any.whl (18 kB)
Collecting torch==2.7.0
Killed
(venv) cropwise@front1:~/assessment/Backend$ sudo apt install mysql-client
Reading package lists... Done
Building dependency tree... Done
Reading state information... Done
Package mysql-client is not available, but is referred to by another package.
This may mean that the package is missing, has been obsoleted, or
is only available from another source

E: Package 'mysql-client' has no installation candidate
(venv) cropwise@front1:~/assessment/Backend$ curl -LO https://dev.mysql.com/get/mysql-apt-config_0.8.34-1_all.deb
  % Total    % Received % Xferd  Average Speed   Time    Time     Time  Current
                                 Dload  Upload   Total   Spent    Left  Speed
  0     0    0     0    0     0      0      0 --:--:-- --:--:-- --:--:--     0
100 18108  100 18108    0     0  41245      0 --:--:-- --:--:-- --:--:-- 41245
(venv) cropwise@front1:~/assessment/Backend$ sudo dpkg -i mysql-apt-config_0.8.34-1_all.deb 
Selecting previously unselected package mysql-apt-config.
dpkg: regarding mysql-apt-config_0.8.34-1_all.deb containing mysql-apt-config, pre-dependency problem:
 mysql-apt-config pre-depends on gnupg
  gnupg is not installed.

dpkg: error processing archive mysql-apt-config_0.8.34-1_all.deb (--install):
 pre-dependency problem - not installing mysql-apt-config
Errors were encountered while processing:
 mysql-apt-config_0.8.34-1_all.deb
(venv) cropwise@front1:~/assessment/Backend$ sudo apt install -y gnupg
Reading package lists... Done
Building dependency tree... Done
Reading state information... Done
The following additional packages will be installed:
  dirmngr gnupg-l10n gnupg-utils gpg gpg-agent gpg-wks-client gpg-wks-server
  gpgconf gpgsm libassuan0 libksba8 libnpth0 pinentry-curses
Suggested packages:
  pinentry-gnome3 tor parcimonie xloadimage scdaemon pinentry-doc
The following NEW packages will be installed:
  dirmngr gnupg gnupg-l10n gnupg-utils gpg gpg-agent gpg-wks-client
  gpg-wks-server gpgconf gpgsm libassuan0 libksba8 libnpth0 pinentry-curses
0 upgraded, 14 newly installed, 0 to remove and 0 not upgraded.
Need to get 7881 kB of archives.
After this operation, 16.0 MB of additional disk space will be used.
Get:1 file:/etc/apt/mirrors/debian.list Mirrorlist [30 B]
Get:2 https://deb.debian.org/debian bookworm/main amd64 libassuan0 amd64 2.5.5-5 [48.5 kB]
Get:3 https://deb.debian.org/debian bookworm/main amd64 gpgconf amd64 2.2.40-1.1 [564 kB]
Get:4 https://deb.debian.org/debian bookworm/main amd64 libksba8 amd64 1.6.3-2 [128 kB]
Get:5 https://deb.debian.org/debian bookworm/main amd64 libnpth0 amd64 1.6-3 [19.0 kB]
Get:6 https://deb.debian.org/debian bookworm/main amd64 dirmngr amd64 2.2.40-1.1 [792 kB]
Get:7 https://deb.debian.org/debian bookworm/main amd64 gnupg-l10n all 2.2.40-1.1 [1093 kB]
Get:8 https://deb.debian.org/debian bookworm/main amd64 gnupg-utils amd64 2.2.40-1.1 [927 kB]
Get:9 https://deb.debian.org/debian bookworm/main amd64 gpg amd64 2.2.40-1.1 [949 kB]
Get:10 https://deb.debian.org/debian bookworm/main amd64 pinentry-curses amd64 1.2.1-1 [77.4 kB]
Get:11 https://deb.debian.org/debian bookworm/main amd64 gpg-agent amd64 2.2.40-1.1 [695 kB]
Get:12 https://deb.debian.org/debian bookworm/main amd64 gpg-wks-client amd64 2.2.40-1.1 [541 kB]
Get:13 https://deb.debian.org/debian bookworm/main amd64 gpg-wks-server amd64 2.2.40-1.1 [531 kB]
Get:14 https://deb.debian.org/debian bookworm/main amd64 gpgsm amd64 2.2.40-1.1 [671 kB]
Get:15 https://deb.debian.org/debian bookworm/main amd64 gnupg all 2.2.40-1.1 [846 kB]
Fetched 7881 kB in 33s (241 kB/s)
Selecting previously unselected package libassuan0:amd64.
(Reading database ... 32871 files and directories currently installed.)
Preparing to unpack .../00-libassuan0_2.5.5-5_amd64.deb ...
Unpacking libassuan0:amd64 (2.5.5-5) ...
Selecting previously unselected package gpgconf.
Preparing to unpack .../01-gpgconf_2.2.40-1.1_amd64.deb ...
Unpacking gpgconf (2.2.40-1.1) ...
Selecting previously unselected package libksba8:amd64.
Preparing to unpack .../02-libksba8_1.6.3-2_amd64.deb ...
Unpacking libksba8:amd64 (1.6.3-2) ...
Selecting previously unselected package libnpth0:amd64.
Preparing to unpack .../03-libnpth0_1.6-3_amd64.deb ...
Unpacking libnpth0:amd64 (1.6-3) ...
Selecting previously unselected package dirmngr.
Preparing to unpack .../04-dirmngr_2.2.40-1.1_amd64.deb ...
Unpacking dirmngr (2.2.40-1.1) ...
Selecting previously unselected package gnupg-l10n.
Preparing to unpack .../05-gnupg-l10n_2.2.40-1.1_all.deb ...
Unpacking gnupg-l10n (2.2.40-1.1) ...
Selecting previously unselected package gnupg-utils.
Preparing to unpack .../06-gnupg-utils_2.2.40-1.1_amd64.deb ...
Unpacking gnupg-utils (2.2.40-1.1) ...
Selecting previously unselected package gpg.
Preparing to unpack .../07-gpg_2.2.40-1.1_amd64.deb ...
Unpacking gpg (2.2.40-1.1) ...
Selecting previously unselected package pinentry-curses.
Preparing to unpack .../08-pinentry-curses_1.2.1-1_amd64.deb ...
Unpacking pinentry-curses (1.2.1-1) ...
Selecting previously unselected package gpg-agent.
Preparing to unpack .../09-gpg-agent_2.2.40-1.1_amd64.deb ...
Unpacking gpg-agent (2.2.40-1.1) ...
Selecting previously unselected package gpg-wks-client.
Preparing to unpack .../10-gpg-wks-client_2.2.40-1.1_amd64.deb ...
Unpacking gpg-wks-client (2.2.40-1.1) ...
Selecting previously unselected package gpg-wks-server.
Preparing to unpack .../11-gpg-wks-server_2.2.40-1.1_amd64.deb ...
Unpacking gpg-wks-server (2.2.40-1.1) ...
Selecting previously unselected package gpgsm.
Preparing to unpack .../12-gpgsm_2.2.40-1.1_amd64.deb ...
Unpacking gpgsm (2.2.40-1.1) ...
Selecting previously unselected package gnupg.
Preparing to unpack .../13-gnupg_2.2.40-1.1_all.deb ...
Unpacking gnupg (2.2.40-1.1) ...
Setting up libksba8:amd64 (1.6.3-2) ...
Setting up libnpth0:amd64 (1.6-3) ...
Setting up libassuan0:amd64 (2.5.5-5) ...
Setting up gnupg-l10n (2.2.40-1.1) ...
Setting up gpgconf (2.2.40-1.1) ...
Setting up gpg (2.2.40-1.1) ...
Setting up gnupg-utils (2.2.40-1.1) ...
Setting up pinentry-curses (1.2.1-1) ...
Setting up gpg-agent (2.2.40-1.1) ...
Created symlink /etc/systemd/user/sockets.target.wants/gpg-agent-browser.socket → /usr/lib/systemd/user/gpg-agent-browser.socket.
Created symlink /etc/systemd/user/sockets.target.wants/gpg-agent-extra.socket → /usr/lib/systemd/user/gpg-agent-extra.socket.
Created symlink /etc/systemd/user/sockets.target.wants/gpg-agent-ssh.socket → /usr/lib/systemd/user/gpg-agent-ssh.socket.
Created symlink /etc/systemd/user/sockets.target.wants/gpg-agent.socket → /usr/lib/systemd/user/gpg-agent.socket.
Setting up gpgsm (2.2.40-1.1) ...
Setting up dirmngr (2.2.40-1.1) ...
Created symlink /etc/systemd/user/sockets.target.wants/dirmngr.socket → /usr/lib/systemd/user/dirmngr.socket.
Setting up gpg-wks-server (2.2.40-1.1) ...
Setting up gpg-wks-client (2.2.40-1.1) ...
Setting up gnupg (2.2.40-1.1) ...
Processing triggers for man-db (2.11.2-2) ...
Processing triggers for libc-bin (2.36-9+deb12u10) ...
(venv) cropwise@front1:~/assessment/Backend$ ls
 2_6croprecommendation.py   db_integration.py
 Crop_recommendation.csv    load_trained_weights.py
 Dockerfile                 modelo_crop_api.pkl
 api_mysql.py               mysql-apt-config_0.8.34-1_all.deb
 crop_classifier_db.sql     requirements.txt
'db first diagram.pdf'      venv
(venv) cropwise@front1:~/assessment/Backend$ sudo dpkg -i mysql-apt-config_0.8.34-1_all.deb 
(Reading database ... 33124 files and directories currently installed.)
Preparing to unpack mysql-apt-config_0.8.34-1_all.deb ...
Unpacking mysql-apt-config (0.8.34-1) ...
Setting up mysql-apt-config (0.8.34-1) ...
(venv) cropwise@front1:~/assessment/Backend$ sudo apt-get update
Get:1 file:/etc/apt/mirrors/debian.list Mirrorlist [30 B]
Get:5 file:/etc/apt/mirrors/debian-security.list Mirrorlist [39 B]
Hit:7 https://download.docker.com/linux/debian bookworm InRelease
Hit:2 https://deb.debian.org/debian bookworm InRelease   
Hit:3 https://deb.debian.org/debian bookworm-updates InRelease
Get:8 http://repo.mysql.com/apt/debian bookworm InRelease [22.7 kB]
Hit:4 https://deb.debian.org/debian bookworm-backports InRelease
Hit:6 https://deb.debian.org/debian-security bookworm-security InRelease
Get:9 http://repo.mysql.com/apt/debian bookworm/mysql-8.4-lts Sources [955 B]
Get:10 http://repo.mysql.com/apt/debian bookworm/mysql-apt-config amd64 Packages [566 B]
Get:11 http://repo.mysql.com/apt/debian bookworm/mysql-8.4-lts amd64 Packages [14.5 kB]
Get:12 http://repo.mysql.com/apt/debian bookworm/mysql-tools amd64 Packages [4155 B]
Fetched 42.9 kB in 2s (25.8 kB/s)
Reading package lists... Done
(venv) cropwise@front1:~/assessment/Backend$ sudo apt-get install mysql-client
Reading package lists... Done
Building dependency tree... Done
Reading state information... Done
The following additional packages will be installed:
  mysql-common mysql-community-client mysql-community-client-core
  mysql-community-client-plugins
The following NEW packages will be installed:
  mysql-client mysql-common mysql-community-client mysql-community-client-core
  mysql-community-client-plugins
0 upgraded, 5 newly installed, 0 to remove and 0 not upgraded.
Need to get 6628 kB of archives.
After this operation, 93.8 MB of additional disk space will be used.
Do you want to continue? [Y/n] 
Get:1 http://repo.mysql.com/apt/debian bookworm/mysql-8.4-lts amd64 mysql-common amd64 8.4.5-1debian12 [60.1 kB]
Get:2 http://repo.mysql.com/apt/debian bookworm/mysql-8.4-lts amd64 mysql-community-client-plugins amd64 8.4.5-1debian12 [1627 kB]
Get:3 http://repo.mysql.com/apt/debian bookworm/mysql-8.4-lts amd64 mysql-community-client-core amd64 8.4.5-1debian12 [1633 kB]
Get:4 http://repo.mysql.com/apt/debian bookworm/mysql-8.4-lts amd64 mysql-community-client amd64 8.4.5-1debian12 [3249 kB]
Get:5 http://repo.mysql.com/apt/debian bookworm/mysql-8.4-lts amd64 mysql-client amd64 8.4.5-1debian12 [58.8 kB]
Fetched 6628 kB in 1s (4613 kB/s)  
Selecting previously unselected package mysql-common.
(Reading database ... 33129 files and directories currently installed.)
Preparing to unpack .../mysql-common_8.4.5-1debian12_amd64.deb ...
Unpacking mysql-common (8.4.5-1debian12) ...
Selecting previously unselected package mysql-community-client-plugins.
Preparing to unpack .../mysql-community-client-plugins_8.4.5-1debian12_amd64.deb ...
Unpacking mysql-community-client-plugins (8.4.5-1debian12) ...
Selecting previously unselected package mysql-community-client-core.
Preparing to unpack .../mysql-community-client-core_8.4.5-1debian12_amd64.deb ...
Unpacking mysql-community-client-core (8.4.5-1debian12) ...
Selecting previously unselected package mysql-community-client.
Preparing to unpack .../mysql-community-client_8.4.5-1debian12_amd64.deb ...
Unpacking mysql-community-client (8.4.5-1debian12) ...
Selecting previously unselected package mysql-client.
Preparing to unpack .../mysql-client_8.4.5-1debian12_amd64.deb ...
Unpacking mysql-client (8.4.5-1debian12) ...
Setting up mysql-common (8.4.5-1debian12) ...
update-alternatives: using /etc/mysql/my.cnf.fallback to provide /etc/mysql/my.cnf (my.cnf) in auto mode
Setting up mysql-community-client-plugins (8.4.5-1debian12) ...
Setting up mysql-community-client-core (8.4.5-1debian12) ...
Setting up mysql-community-client (8.4.5-1debian12) ...
Setting up mysql-client (8.4.5-1debian12) ...
Processing triggers for man-db (2.11.2-2) ...
Processing triggers for libc-bin (2.36-9+deb12u10) ...
(venv) cropwise@front1:~/assessment/Backend$ mysql -u root -p --host 172.22.0.133
Enter password: 





^C
(venv) cropwise@front1:~/assessment/Backend$ ^C
(venv) cropwise@front1:~/assessment/Backend$ mysql -u root -p --host 172.22.0.133
Enter password: 
Welcome to the MySQL monitor.  Commands end with ; or \g.
Your MySQL connection id is 10
Server version: 8.4.5 MySQL Community Server - GPL

Copyright (c) 2000, 2025, Oracle and/or its affiliates.

Oracle is a registered trademark of Oracle Corporation and/or its
affiliates. Other names may be trademarks of their respective
owners.

Type 'help;' or '\h' for help. Type '\c' to clear the current input statement.

mysql> ^C
mysql> ^DBye
(venv) cropwise@front1:~/assessment/Backend$ docker run -dp 5001:5001 api
e3186ca5133ca2e2193d347bdac0d43993e197183e986b8bc5be92d83418bf78
docker: Error response from daemon: failed to set up container networking: driver failed programming external connectivity on endpoint musing_haibt (a91710118dabadaaaf4208c2a18eb83ca18e4f2f9dd9627c9d853fb6a16ba81d): Bind for 0.0.0.0:5001 failed: port is already allocated

Run 'docker run --help' for more information
(venv) cropwise@front1:~/assessment/Backend$ docker ps
CONTAINER ID   IMAGE     COMMAND                 CREATED         STATUS         PORTS                                         NAMES
e6d325b7207a   api       "python api_mysql.py"   5 minutes ago   Up 5 minutes   0.0.0.0:5001->5001/tcp, [::]:5001->5001/tcp   gifted_boyd
(venv) cropwise@front1:~/assessment/Backend$ docker rm -f e6d
e6d
(venv) cropwise@front1:~/assessment/Backend$ docker run -dp 5001:5001 api
32b1c7672912ed616965b238ee654c9dac2351f0eb5453c68045887dbe2116c8
(venv) cropwise@front1:~/assessment/Backend$ docker ps
CONTAINER ID   IMAGE     COMMAND                 CREATED         STATUS         PORTS                                         NAMES
32b1c7672912   api       "python api_mysql.py"   3 seconds ago   Up 2 seconds   0.0.0.0:5001->5001/tcp, [::]:5001->5001/tcp   laughing_kapitsa
(venv) cropwise@front1:~/assessment/Backend$ curl localhost:5001
<!doctype html>
<html lang=en>
<title>404 Not Found</title>
<h1>Not Found</h1>
<p>The requested URL was not found on the server. If you entered the URL manually please check your spelling and try again.</p>
(venv) cropwise@front1:~/assessment/Backend$ curl localhost:5001/health
{
  "crops_available": 22,
  "database": "connected",
  "model": "loaded",
  "status": "healthy",
  "timestamp": "2025-06-06T02:55:57.345609"
}
(venv) cropwise@front1:~/assessment/Backend$ docker ps
CONTAINER ID   IMAGE     COMMAND                 CREATED              STATUS              PORTS                                         NAMES
32b1c7672912   api       "python api_mysql.py"   About a minute ago   Up About a minute   0.0.0.0:5001->5001/tcp, [::]:5001->5001/tcp   laughing_kapitsa
(venv) cropwise@front1:~/assessment/Backend$ docker logs 32b
Cargando modelo en formato API
Modelo cargado desde modelo_crop_api.pkl
==================================================
Modelo cargado correctamente
22 cultivos disponibles
Base de datos conectada
==================================================
Iniciando API Flask en puerto 5001...
 * Serving Flask app 'api_mysql'
 * Debug mode: on
WARNING: This is a development server. Do not use it in a production deployment. Use a production WSGI server instead.
 * Running on all addresses (0.0.0.0)
 * Running on http://127.0.0.1:5001
 * Running on http://172.17.0.2:5001
Press CTRL+C to quit
 * Restarting with stat
 * Debugger is active!
 * Debugger PIN: 418-669-593
172.17.0.1 - - [06/Jun/2025 02:55:52] "GET / HTTP/1.1" 404 -
172.17.0.1 - - [06/Jun/2025 02:55:57] "GET /health HTTP/1.1" 200 -
172.22.0.65 - - [06/Jun/2025 02:56:57] "POST /register HTTP/1.1" 404 -
(venv) cropwise@front1:~/assessment/Backend$ curl localhost:5001/register
<!doctype html>
<html lang=en>
<title>404 Not Found</title>
<h1>Not Found</h1>
<p>The requested URL was not found on the server. If you entered the URL manually please check your spelling and try again.</p>
(venv) cropwise@front1:~/assessment/Backend$ vim 
2_6croprecommendation.py           db_integration.py
Crop_recommendation.csv            load_trained_weights.py
Dockerfile                         modelo_crop_api.pkl
api_mysql.py                       mysql-apt-config_0.8.34-1_all.deb
crop_classifier_db.sql             requirements.txt
db first diagram.pdf               venv/
(venv) cropwise@front1:~/assessment/Backend$ vim api_mysql.py
(venv) cropwise@front1:~/assessment/Backend$ ls
 2_6croprecommendation.py   db_integration.py
 Crop_recommendation.csv    load_trained_weights.py
 Dockerfile                 modelo_crop_api.pkl
 api_mysql.py               mysql-apt-config_0.8.34-1_all.deb
 crop_classifier_db.sql     requirements.txt
'db first diagram.pdf'      venv
(venv) cropwise@front1:~/assessment/Backend$ docker ps
CONTAINER ID   IMAGE     COMMAND                 CREATED         STATUS         PORTS                                         NAMES
32b1c7672912   api       "python api_mysql.py"   5 minutes ago   Up 5 minutes   0.0.0.0:5001->5001/tcp, [::]:5001->5001/tcp   laughing_kapitsa
(venv) cropwise@front1:~/assessment/Backend$ docker logs 32b
Cargando modelo en formato API
Modelo cargado desde modelo_crop_api.pkl
==================================================
Modelo cargado correctamente
22 cultivos disponibles
Base de datos conectada
==================================================
Iniciando API Flask en puerto 5001...
 * Serving Flask app 'api_mysql'
 * Debug mode: on
WARNING: This is a development server. Do not use it in a production deployment. Use a production WSGI server instead.
 * Running on all addresses (0.0.0.0)
 * Running on http://127.0.0.1:5001
 * Running on http://172.17.0.2:5001
Press CTRL+C to quit
 * Restarting with stat
 * Debugger is active!
 * Debugger PIN: 418-669-593
172.17.0.1 - - [06/Jun/2025 02:55:52] "GET / HTTP/1.1" 404 -
172.17.0.1 - - [06/Jun/2025 02:55:57] "GET /health HTTP/1.1" 200 -
172.22.0.65 - - [06/Jun/2025 02:56:57] "POST /register HTTP/1.1" 404 -
172.17.0.1 - - [06/Jun/2025 02:57:53] "GET /register HTTP/1.1" 404 -
172.22.0.65 - - [06/Jun/2025 02:59:40] "POST /api/auth/signin HTTP/1.1" 500 -
172.22.0.65 - - [06/Jun/2025 02:59:41] "POST /api/auth/signin HTTP/1.1" 500 -
172.22.0.65 - - [06/Jun/2025 03:00:55] "POST /api/auth/signin HTTP/1.1" 201 -
172.22.0.65 - - [06/Jun/2025 03:01:10] "POST /login HTTP/1.1" 404 -
172.22.0.65 - - [06/Jun/2025 03:01:14] "POST /login HTTP/1.1" 404 -
172.22.0.65 - - [06/Jun/2025 03:01:15] "POST /login HTTP/1.1" 404 -
172.22.0.65 - - [06/Jun/2025 03:01:16] "POST /login HTTP/1.1" 404 -
(venv) cropwise@front1:~/assessment/Backend$ vim 
2_6croprecommendation.py           db_integration.py
Crop_recommendation.csv            load_trained_weights.py
Dockerfile                         modelo_crop_api.pkl
api_mysql.py                       mysql-apt-config_0.8.34-1_all.deb
crop_classifier_db.sql             requirements.txt
db first diagram.pdf               venv/
(venv) cropwise@front1:~/assessment/Backend$ vim api_mysql.py
(venv) cropwise@front1:~/assessment/Backend$ git status
On branch docker_2
Your branch is up to date with 'origin/docker_2'.

Changes not staged for commit:
  (use "git add <file>..." to update what will be committed)
  (use "git restore <file>..." to discard changes in working directory)
	modified:   api_mysql.py

Untracked files:
  (use "git add <file>..." to include in what will be committed)
	mysql-apt-config_0.8.34-1_all.deb

no changes added to commit (use "git add" and/or "git commit -a")
(venv) cropwise@front1:~/assessment/Backend$ vim api_mysql.py 
(venv) cropwise@front1:~/assessment/Backend$ vim api_mysql.py 
(venv) cropwise@front1:~/assessment/Backend$ 